Archive member included to satisfy reference by file (symbol)

/Applications/FEH_ARM/bin/../lib/gcc/arm-none-eabi/10.3.1/../../../../arm-none-eabi/lib/thumb/v7e-m/nofp/libstdc++.a(del_ops.o)
                              Libraries/FEHIO.o (operator delete(void*, unsigned int))
/Applications/FEH_ARM/bin/../lib/gcc/arm-none-eabi/10.3.1/../../../../arm-none-eabi/lib/thumb/v7e-m/nofp/libstdc++.a(new_op.o)
                              Libraries/FEHIO.o (operator new(unsigned int))
/Applications/FEH_ARM/bin/../lib/gcc/arm-none-eabi/10.3.1/../../../../arm-none-eabi/lib/thumb/v7e-m/nofp/libstdc++.a(bad_alloc.o)
                              /Applications/FEH_ARM/bin/../lib/gcc/arm-none-eabi/10.3.1/../../../../arm-none-eabi/lib/thumb/v7e-m/nofp/libstdc++.a(new_op.o) (std::bad_alloc::~bad_alloc())
/Applications/FEH_ARM/bin/../lib/gcc/arm-none-eabi/10.3.1/../../../../arm-none-eabi/lib/thumb/v7e-m/nofp/libstdc++.a(del_op.o)
                              /Applications/FEH_ARM/bin/../lib/gcc/arm-none-eabi/10.3.1/../../../../arm-none-eabi/lib/thumb/v7e-m/nofp/libstdc++.a(del_ops.o) (operator delete(void*))
/Applications/FEH_ARM/bin/../lib/gcc/arm-none-eabi/10.3.1/../../../../arm-none-eabi/lib/thumb/v7e-m/nofp/libstdc++.a(eh_alloc.o)
                              /Applications/FEH_ARM/bin/../lib/gcc/arm-none-eabi/10.3.1/../../../../arm-none-eabi/lib/thumb/v7e-m/nofp/libstdc++.a(new_op.o) (__cxa_allocate_exception)
/Applications/FEH_ARM/bin/../lib/gcc/arm-none-eabi/10.3.1/../../../../arm-none-eabi/lib/thumb/v7e-m/nofp/libstdc++.a(eh_exception.o)
                              /Applications/FEH_ARM/bin/../lib/gcc/arm-none-eabi/10.3.1/../../../../arm-none-eabi/lib/thumb/v7e-m/nofp/libstdc++.a(bad_alloc.o) (std::exception::~exception())
/Applications/FEH_ARM/bin/../lib/gcc/arm-none-eabi/10.3.1/../../../../arm-none-eabi/lib/thumb/v7e-m/nofp/libstdc++.a(eh_terminate.o)
                              /Applications/FEH_ARM/bin/../lib/gcc/arm-none-eabi/10.3.1/../../../../arm-none-eabi/lib/thumb/v7e-m/nofp/libstdc++.a(eh_alloc.o) (std::terminate())
/Applications/FEH_ARM/bin/../lib/gcc/arm-none-eabi/10.3.1/../../../../arm-none-eabi/lib/thumb/v7e-m/nofp/libstdc++.a(eh_throw.o)
                              /Applications/FEH_ARM/bin/../lib/gcc/arm-none-eabi/10.3.1/../../../../arm-none-eabi/lib/thumb/v7e-m/nofp/libstdc++.a(new_op.o) (__cxa_throw)
/Applications/FEH_ARM/bin/../lib/gcc/arm-none-eabi/10.3.1/../../../../arm-none-eabi/lib/thumb/v7e-m/nofp/libstdc++.a(eh_unex_handler.o)
                              /Applications/FEH_ARM/bin/../lib/gcc/arm-none-eabi/10.3.1/../../../../arm-none-eabi/lib/thumb/v7e-m/nofp/libstdc++.a(eh_terminate.o) (__cxxabiv1::__unexpected_handler)
/Applications/FEH_ARM/bin/../lib/gcc/arm-none-eabi/10.3.1/../../../../arm-none-eabi/lib/thumb/v7e-m/nofp/libstdc++.a(new_handler.o)
                              /Applications/FEH_ARM/bin/../lib/gcc/arm-none-eabi/10.3.1/../../../../arm-none-eabi/lib/thumb/v7e-m/nofp/libstdc++.a(new_op.o) (std::get_new_handler())
/Applications/FEH_ARM/bin/../lib/gcc/arm-none-eabi/10.3.1/../../../../arm-none-eabi/lib/thumb/v7e-m/nofp/libstdc++.a(pure.o)
                              /Applications/FEH_ARM/bin/../lib/gcc/arm-none-eabi/10.3.1/../../../../arm-none-eabi/lib/thumb/v7e-m/nofp/libstdc++.a(eh_exception.o) (__cxa_pure_virtual)
/Applications/FEH_ARM/bin/../lib/gcc/arm-none-eabi/10.3.1/../../../../arm-none-eabi/lib/thumb/v7e-m/nofp/libstdc++.a(si_class_type_info.o)
                              /Applications/FEH_ARM/bin/../lib/gcc/arm-none-eabi/10.3.1/../../../../arm-none-eabi/lib/thumb/v7e-m/nofp/libstdc++.a(bad_alloc.o) (vtable for __cxxabiv1::__si_class_type_info)
/Applications/FEH_ARM/bin/../lib/gcc/arm-none-eabi/10.3.1/../../../../arm-none-eabi/lib/thumb/v7e-m/nofp/libstdc++.a(tinfo.o)
                              /Applications/FEH_ARM/bin/../lib/gcc/arm-none-eabi/10.3.1/../../../../arm-none-eabi/lib/thumb/v7e-m/nofp/libstdc++.a(si_class_type_info.o) (std::type_info::__is_pointer_p() const)
/Applications/FEH_ARM/bin/../lib/gcc/arm-none-eabi/10.3.1/../../../../arm-none-eabi/lib/thumb/v7e-m/nofp/libstdc++.a(vterminate.o)
                              /Applications/FEH_ARM/bin/../lib/gcc/arm-none-eabi/10.3.1/../../../../arm-none-eabi/lib/thumb/v7e-m/nofp/libstdc++.a(eh_terminate.o) (__gnu_cxx::__verbose_terminate_handler())
/Applications/FEH_ARM/bin/../lib/gcc/arm-none-eabi/10.3.1/../../../../arm-none-eabi/lib/thumb/v7e-m/nofp/libstdc++.a(class_type_info.o)
                              /Applications/FEH_ARM/bin/../lib/gcc/arm-none-eabi/10.3.1/../../../../arm-none-eabi/lib/thumb/v7e-m/nofp/libstdc++.a(si_class_type_info.o) (__cxxabiv1::__class_type_info::__do_upcast(__cxxabiv1::__class_type_info const*, void**) const)
/Applications/FEH_ARM/bin/../lib/gcc/arm-none-eabi/10.3.1/../../../../arm-none-eabi/lib/thumb/v7e-m/nofp/libstdc++.a(cp-demangle.o)
[...]
Memory Configuration

Name             Origin             Length             Attributes
PROGRAM_FLASH    0x000000000000c000 0x0000000000073c00 xr
SRAM_UPPER       0x0000000020000000 0x0000000000010000 xrw
SRAM_LOWER       0x000000001fff0000 0x0000000000010000 xrw
*default*        0x0000000000000000 0xffffffffffffffff

Linker script and memory map

LOAD /Applications/FEH_ARM/bin/../lib/gcc/arm-none-eabi/10.3.1/thumb/v7e-m/nofp/crti.o
LOAD /Applications/FEH_ARM/bin/../lib/gcc/arm-none-eabi/10.3.1/thumb/v7e-m/nofp/crtbegin.o
LOAD /Applications/FEH_ARM/bin/../lib/gcc/arm-none-eabi/10.3.1/../../../../arm-none-eabi/lib/thumb/v7e-m/nofp/crt0.o
LOAD ../main.o
LOAD Startup/startup_mk60d10.o
LOAD Libraries/FEHMotor.o
LOAD Drivers/mcg.o
LOAD Drivers/i2c.o
LOAD Drivers/spi.o
LOAD Drivers/uart.o
LOAD Drivers/ff.o
LOAD Drivers/SDHC.o
LOAD Drivers/lptmr.o
LOAD FEHProteus.o
LOAD Drivers/FEHPropeller.o
LOAD Libraries/FEHUtility.o
LOAD Libraries/FEHIO.o
LOAD Drivers/adc16.o
LOAD Libraries/FEHBuzzer.o
LOAD Libraries/FEHServo.o
LOAD Libraries/FEHLCD.o
LOAD Libraries/FEHAccel.o
LOAD Libraries/FEHBattery.o
LOAD Drivers/FEHXBee.o
LOAD Libraries/FEHRPS.o
LOAD Libraries/FEHSD.o
LOAD Libraries/FEHRandom.o
LOAD /Applications/FEH_ARM/bin/../lib/gcc/arm-none-eabi/10.3.1/../../../../arm-none-eabi/lib/thumb/v7e-m/nofp/libstdc++.a
LOAD /Applications/FEH_ARM/bin/../lib/gcc/arm-none-eabi/10.3.1/../../../../arm-none-eabi/lib/thumb/v7e-m/nofp/libm.a
START GROUP
LOAD /Applications/FEH_ARM/bin/../lib/gcc/arm-none-eabi/10.3.1/thumb/v7e-m/nofp/libgcc.a
LOAD /Applications/FEH_ARM/bin/../lib/gcc/arm-none-eabi/10.3.1/../../../../arm-none-eabi/lib/thumb/v7e-m/nofp/libg.a
LOAD /Applications/FEH_ARM/bin/../lib/gcc/arm-none-eabi/10.3.1/../../../../arm-none-eabi/lib/thumb/v7e-m/nofp/libc.a
END GROUP
START GROUP
LOAD /Applications/FEH_ARM/bin/../lib/gcc/arm-none-eabi/10.3.1/thumb/v7e-m/nofp/libgcc.a
LOAD /Applications/FEH_ARM/bin/../lib/gcc/arm-none-eabi/10.3.1/../../../../arm-none-eabi/lib/thumb/v7e-m/nofp/libc.a
LOAD /Applications/FEH_ARM/bin/../lib/gcc/arm-none-eabi/10.3.1/../../../../arm-none-eabi/lib/thumb/v7e-m/nofp/libnosys.a
END GROUP
LOAD /Applications/FEH_ARM/bin/../lib/gcc/arm-none-eabi/10.3.1/thumb/v7e-m/nofp/crtend.o
LOAD /Applications/FEH_ARM/bin/../lib/gcc/arm-none-eabi/10.3.1/thumb/v7e-m/nofp/crtn.o
                0x000000000000c000                __base_PROGRAM_FLASH = 0xc000
                0x000000000000c000                __base_Flash = 0xc000
                0x000000000007fc00                __top_PROGRAM_FLASH = 0x7fc00
                0x000000000007fc00                __top_Flash = 0x7fc00
                0x0000000020000000                __base_SRAM_UPPER = 0x20000000
                0x0000000020000000                __base_RAM = 0x20000000
                0x0000000020010000                __top_SRAM_UPPER = 0x20010000
                0x0000000020010000                __top_RAM = 0x20010000
                0x000000001fff0000                __base_SRAM_LOWER = 0x1fff0000
                0x000000001fff0000                __base_RAM2 = 0x1fff0000
                0x0000000020000000                __top_SRAM_LOWER = 0x20000000
                0x0000000020000000                __top_RAM2 = 0x20000000

.text           0x000000000000c000      0x410
 FILL mask 0xff
                0x000000000000c000                __vectors_start__ = ABSOLUTE (.)
 *(.isr_vector)
 .isr_vector    0x000000000000c000      0x1bc Startup/startup_mk60d10.o
                0x000000000000c000                __Vectors
                0x000000000000c000                g_pfnVectors
                0x000000000000c1bc                . = ALIGN (0x4)
                0x000000000000c1bc                __section_table_start = .
                0x000000000000c1bc                __data_section_table = .
                0x000000000000c1bc        0x4 LONG 0x1c5fc LOADADDR (.data)
                0x000000000000c1c0        0x4 LONG 0x20000000 ADDR (.data)
                0x000000000000c1c4        0x4 LONG 0x16d8 SIZEOF (.data)
                0x000000000000c1c8        0x4 LONG 0x1c5fc LOADADDR (.data_RAM2)
                0x000000000000c1cc        0x4 LONG 0x1fff0000 ADDR (.data_RAM2)
                0x000000000000c1d0        0x4 LONG 0x0 SIZEOF (.data_RAM2)
                0x000000000000c1d4                __data_section_table_end = .
                0x000000000000c1d4                __bss_section_table = .
                0x000000000000c1d4        0x4 LONG 0x200016d8 ADDR (.bss)
                0x000000000000c1d8        0x4 LONG 0x49c SIZEOF (.bss)
                0x000000000000c1dc        0x4 LONG 0x1fff0000 ADDR (.bss_RAM2)
                0x000000000000c1e0        0x4 LONG 0x0 SIZEOF (.bss_RAM2)
                0x000000000000c1e4                __bss_section_table_end = .
                0x000000000000c1e4                __section_table_end = .
 *(.after_vectors*)
 .after_vectors.init_data
                0x000000000000c1e4       0x42 Startup/startup_mk60d10.o
                0x000000000000c1e4                data_init(unsigned int, unsigned int, unsigned int)
 .after_vectors.init_bss
                0x000000000000c226       0x36 Startup/startup_mk60d10.o
                0x000000000000c226                bss_init(unsigned int, unsigned int)
 .after_vectors.reset
                0x000000000000c25c       0xb4 Startup/startup_mk60d10.o
                0x000000000000c25c                ResetISR
 .after_vectors
                0x000000000000c310       0x3c Startup/startup_mk60d10.o
                0x000000000000c310                NMI_Handler
                0x000000000000c316                HardFault_Handler
                0x000000000000c31c                MemManage_Handler
                0x000000000000c322                BusFault_Handler
                0x000000000000c328                UsageFault_Handler
                0x000000000000c32e                SVC_Handler
                0x000000000000c334                DebugMon_Handler
                0x000000000000c33a                PendSV_Handler
                0x000000000000c340                SysTick_Handler
                0x000000000000c346                PIT2_DriverIRQHandler
                0x000000000000c346                SDHC_DriverIRQHandler
                0x000000000000c346                I2S0_Tx_DriverIRQHandler
                0x000000000000c346                TSI0_DriverIRQHandler
                0x000000000000c346                RTC_Seconds_DriverIRQHandler
                0x000000000000c346                Reserved109_DriverIRQHandler
                0x000000000000c346                DMA6_DriverIRQHandler
                0x000000000000c346                LLWU_DriverIRQHandler
                0x000000000000c346                MCM_DriverIRQHandler
                0x000000000000c346                MCG_DriverIRQHandler
                0x000000000000c346                ENET_1588_Timer_DriverIRQHandler
                0x000000000000c346                DAC1_DriverIRQHandler
                0x000000000000c346                CMP1_DriverIRQHandler
                0x000000000000c346                UART5_RX_TX_DriverIRQHandler
                0x000000000000c346                FTM0_DriverIRQHandler
                0x000000000000c346                IntDefaultHandler
                0x000000000000c346                USB0_DriverIRQHandler
                0x000000000000c346                UART5_ERR_DriverIRQHandler
                0x000000000000c346                DMA11_DriverIRQHandler
                0x000000000000c346                DAC0_DriverIRQHandler
                0x000000000000c346                DMA10_DriverIRQHandler
                0x000000000000c346                CMP2_DriverIRQHandler
                0x000000000000c346                UART2_ERR_DriverIRQHandler
                0x000000000000c346                SPI2_DriverIRQHandler
                0x000000000000c346                LVD_LVW_DriverIRQHandler
                0x000000000000c346                RNG_DriverIRQHandler
                0x000000000000c346                DMA5_DriverIRQHandler
                0x000000000000c346                DMA4_DriverIRQHandler
                0x000000000000c346                UART2_RX_TX_DriverIRQHandler
                0x000000000000c346                USBDCD_DriverIRQHandler
                0x000000000000c346                UART3_ERR_DriverIRQHandler
                0x000000000000c346                DMA3_DriverIRQHandler
                0x000000000000c346                DMA8_DriverIRQHandler
                0x000000000000c346                DMA9_DriverIRQHandler
                0x000000000000c346                UART0_ERR_DriverIRQHandler
                0x000000000000c346                CMT_DriverIRQHandler
                0x000000000000c346                ADC1_DriverIRQHandler
                0x000000000000c346                DMA14_DriverIRQHandler
                0x000000000000c346                PIT3_DriverIRQHandler
                0x000000000000c346                PIT1_DriverIRQHandler
                0x000000000000c346                WDOG_EWM_DriverIRQHandler
                0x000000000000c346                PDB0_DriverIRQHandler
                0x000000000000c346                Reserved95_DriverIRQHandler
                0x000000000000c346                RTC_DriverIRQHandler
                0x000000000000c346                I2S0_Rx_DriverIRQHandler
                0x000000000000c346                Read_Collision_DriverIRQHandler
                0x000000000000c346                SWI_DriverIRQHandler
                0x000000000000c346                UART4_RX_TX_DriverIRQHandler
                0x000000000000c346                UART4_ERR_DriverIRQHandler
                0x000000000000c346                UART0_LON_DriverIRQHandler
                0x000000000000c346                DMA1_DriverIRQHandler
                0x000000000000c346                I2C1_DriverIRQHandler
                0x000000000000c346                UART3_RX_TX_DriverIRQHandler
                0x000000000000c346                ENET_Receive_DriverIRQHandler
                0x000000000000c346                DMA13_DriverIRQHandler
                0x000000000000c346                ENET_Error_DriverIRQHandler
                0x000000000000c346                DMA15_DriverIRQHandler
                0x000000000000c346                SPI0_DriverIRQHandler
                0x000000000000c346                ADC0_DriverIRQHandler
                0x000000000000c346                FTFL_DriverIRQHandler
                0x000000000000c346                CMP0_DriverIRQHandler
                0x000000000000c346                CAN0_DriverIRQHandler
                0x000000000000c346                Reserved59_DriverIRQHandler
                0x000000000000c346                UART1_ERR_DriverIRQHandler
                0x000000000000c346                DMA2_DriverIRQHandler
                0x000000000000c346                ENET_Transmit_DriverIRQHandler
                0x000000000000c346                I2C0_DriverIRQHandler
                0x000000000000c346                CAN1_DriverIRQHandler
                0x000000000000c346                DMA7_DriverIRQHandler
                0x000000000000c346                UART1_RX_TX_DriverIRQHandler
                0x000000000000c346                Reserved108_DriverIRQHandler
                0x000000000000c346                Reserved102_DriverIRQHandler
                0x000000000000c346                DMA0_DriverIRQHandler
                0x000000000000c346                DMA12_DriverIRQHandler
                0x000000000000c346                SPI1_DriverIRQHandler
                0x000000000000c346                LPTMR0_DriverIRQHandler
                0x000000000000c346                DMA_Error_DriverIRQHandler
                0x000000000000c346                FTM1_DriverIRQHandler
                0x000000000000c346                FTM2_DriverIRQHandler
                0x0000000000000400                . = 0x400
 *fill*         0x000000000000c34c       0xb4 ff
                0x000000000000c400                PROVIDE (__FLASH_CONFIG_START__ = .)
 *(.FlashConfig)
 .FlashConfig   0x000000000000c400       0x10 Startup/startup_mk60d10.o
                0x000000000000c410                PROVIDE (__FLASH_CONFIG_END__ = .)
                0x0000000000000001                ASSERT (! ((__FLASH_CONFIG_START__ == __FLASH_CONFIG_END__)), Linker Flash Config Support Enabled, but no .FlashConfig section provided within application)

.eh_frame       0x000000000000c410        0x0
 .eh_frame      0x000000000000c410        0x0 /Applications/FEH_ARM/bin/../lib/gcc/arm-none-eabi/10.3.1/thumb/v7e-m/nofp/crtbegin.o

.glue_7         0x000000000000c410        0x0
 .glue_7        0x000000000000c410        0x0 linker stubs

.glue_7t        0x000000000000c410        0x0
 .glue_7t       0x000000000000c410        0x0 linker stubs

.vfp11_veneer   0x000000000000c410        0x0
 .vfp11_veneer  0x000000000000c410        0x0 linker stubs

.v4_bx          0x000000000000c410        0x0
 .v4_bx         0x000000000000c410        0x0 linker stubs

.iplt           0x000000000000c410        0x0
 .iplt          0x000000000000c410        0x0 /Applications/FEH_ARM/bin/../lib/gcc/arm-none-eabi/10.3.1/thumb/v7e-m/nofp/crtbegin.o

.text           0x000000000000c440    0x101b4
 *(.text*)
 .text          0x000000000000c440       0x40 /Applications/FEH_ARM/bin/../lib/gcc/arm-none-eabi/10.3.1/thumb/v7e-m/nofp/crtbegin.o
 .text._ZSt3absf
                0x000000000000c480       0x18 ../main.o
                0x000000000000c480                std::abs(float)
 .text._Z12move_forwardf
                0x000000000000c498       0xd8 ../main.o
                0x000000000000c498                move_forward(float)
 .text._Z13move_backwardf
                0x000000000000c570       0xe4 ../main.o
                0x000000000000c570                move_backward(float)
 .text._Z4rampf
                0x000000000000c654       0xdc ../main.o
                0x000000000000c654                ramp(float)
 .text._Z9left_turnf
                0x000000000000c730       0xdc ../main.o
                0x000000000000c730                left_turn(float)
 .text._Z10right_turni
                0x000000000000c80c       0xe4 ../main.o
                0x000000000000c80c                right_turn(int)
 .text._Z9moveUntili
                0x000000000000c8f0      0x11c ../main.o
                0x000000000000c8f0                moveUntil(int)
 .text._Z12moveUntilOnev
                0x000000000000ca0c       0xec ../main.o
                0x000000000000ca0c                moveUntilOne()
 .text._Z10lineFollowv
                0x000000000000caf8      0x2a0 ../main.o
                0x000000000000caf8                lineFollow()
 .text._Z6detectv
                0x000000000000cd98       0xa4 ../main.o
                0x000000000000cd98                detect()
 .text._Z6ticketi
                0x000000000000ce3c      0x198 ../main.o
                0x000000000000ce3c                ticket(int)
 .text._Z4fuelv
                0x000000000000cfd4      0x200 ../main.o
                0x000000000000cfd4                fuel()
 *fill*         0x000000000000d1d4        0x4 
 .text._Z8passportv
                0x000000000000d1d8       0x54 ../main.o
                0x000000000000d1d8                passport()
 .text._Z22pulse_counterclockwiseif
                0x000000000000d22c       0x50 ../main.o
                0x000000000000d22c                pulse_counterclockwise(int, float)
 .text._Z13pulse_forwardif
                0x000000000000d27c       0x4c ../main.o
                0x000000000000d27c                pulse_forward(int, float)
 .text._Z7check_xfi
                0x000000000000d2c8      0x148 ../main.o
                0x000000000000d2c8                check_x(float, int)
 .text._Z7check_yfi
                0x000000000000d410      0x148 ../main.o
                0x000000000000d410                check_y(float, int)
 .text._Z13check_headingff
                0x000000000000d558      0x1f0 ../main.o
                0x000000000000d558                check_heading(float, float)
 .text.main     0x000000000000d748      0x314 ../main.o
                0x000000000000d748                main
 .text._Z41__static_initialization_and_destruction_0ii
                0x000000000000da5c       0xbc ../main.o
 .text._GLOBAL__sub_I_right_encoder
                0x000000000000db18       0x10 ../main.o
 .text.PORTD_IRQHandler
                0x000000000000db28       0x50 Startup/startup_mk60d10.o
                0x000000000000db28                PORTD_IRQHandler
 .text._Z15InitPowerButtonv
                0x000000000000db78       0x60 Startup/startup_mk60d10.o
                0x000000000000db78                InitPowerButton()
 .text._ZL11pll_init_blv
                0x000000000000dbd8       0xe0 Startup/startup_mk60d10.o
 .text._Z14InitFEHProteusv
                0x000000000000dcb8       0xec Startup/startup_mk60d10.o
                0x000000000000dcb8                InitFEHProteus()
 .text.DMA0_IRQHandler
                0x000000000000dda4        0xc Startup/startup_mk60d10.o
                0x000000000000dda4                DMA0_IRQHandler
 .text.DMA1_IRQHandler
                0x000000000000ddb0        0xc Startup/startup_mk60d10.o
                0x000000000000ddb0                DMA1_IRQHandler
 .text.DMA2_IRQHandler
                0x000000000000ddbc        0xc Startup/startup_mk60d10.o
                0x000000000000ddbc                DMA2_IRQHandler
 .text.DMA3_IRQHandler
                0x000000000000ddc8        0xc Startup/startup_mk60d10.o
                0x000000000000ddc8                DMA3_IRQHandler
 .text.DMA4_IRQHandler
                0x000000000000ddd4        0xc Startup/startup_mk60d10.o
                0x000000000000ddd4                DMA4_IRQHandler
 .text.DMA5_IRQHandler
                0x000000000000dde0        0xc Startup/startup_mk60d10.o
                0x000000000000dde0                DMA5_IRQHandler
 .text.DMA6_IRQHandler
                0x000000000000ddec        0xc Startup/startup_mk60d10.o
                0x000000000000ddec                DMA6_IRQHandler
 .text.DMA7_IRQHandler
                0x000000000000ddf8        0xc Startup/startup_mk60d10.o
                0x000000000000ddf8                DMA7_IRQHandler
 .text.DMA8_IRQHandler
                0x000000000000de04        0xc Startup/startup_mk60d10.o
                0x000000000000de04                DMA8_IRQHandler
 .text.DMA9_IRQHandler
                0x000000000000de10        0xc Startup/startup_mk60d10.o
                0x000000000000de10                DMA9_IRQHandler
 .text.DMA10_IRQHandler
                0x000000000000de1c        0xc Startup/startup_mk60d10.o
                0x000000000000de1c                DMA10_IRQHandler
 .text.DMA11_IRQHandler
                0x000000000000de28        0xc Startup/startup_mk60d10.o
                0x000000000000de28                DMA11_IRQHandler
 .text.DMA12_IRQHandler
                0x000000000000de34        0xc Startup/startup_mk60d10.o
                0x000000000000de34                DMA12_IRQHandler
 .text.DMA13_IRQHandler
                0x000000000000de40        0xc Startup/startup_mk60d10.o
                0x000000000000de40                DMA13_IRQHandler
 .text.DMA14_IRQHandler
                0x000000000000de4c        0xc Startup/startup_mk60d10.o
                0x000000000000de4c                DMA14_IRQHandler
 .text.DMA15_IRQHandler
                0x000000000000de58        0xc Startup/startup_mk60d10.o
                0x000000000000de58                DMA15_IRQHandler
 .text.DMA_Error_IRQHandler
                0x000000000000de64        0xc Startup/startup_mk60d10.o
                0x000000000000de64                DMA_Error_IRQHandler
 .text.MCM_IRQHandler
                0x000000000000de70        0xc Startup/startup_mk60d10.o
                0x000000000000de70                MCM_IRQHandler
 .text.FTFL_IRQHandler
                0x000000000000de7c        0xc Startup/startup_mk60d10.o
                0x000000000000de7c                FTFL_IRQHandler
 .text.Read_Collision_IRQHandler
                0x000000000000de88        0xc Startup/startup_mk60d10.o
                0x000000000000de88                Read_Collision_IRQHandler
 .text.LVD_LVW_IRQHandler
                0x000000000000de94        0xc Startup/startup_mk60d10.o
                0x000000000000de94                LVD_LVW_IRQHandler
 .text.LLWU_IRQHandler
                0x000000000000dea0        0xc Startup/startup_mk60d10.o
                0x000000000000dea0                LLWU_IRQHandler
 .text.WDOG_EWM_IRQHandler
                0x000000000000deac        0xc Startup/startup_mk60d10.o
                0x000000000000deac                WDOG_EWM_IRQHandler
 .text.RNG_IRQHandler
                0x000000000000deb8        0xc Startup/startup_mk60d10.o
                0x000000000000deb8                RNG_IRQHandler
 .text.I2C0_IRQHandler
                0x000000000000dec4        0xc Startup/startup_mk60d10.o
                0x000000000000dec4                I2C0_IRQHandler
 .text.I2C1_IRQHandler
                0x000000000000ded0        0xc Startup/startup_mk60d10.o
                0x000000000000ded0                I2C1_IRQHandler
 .text.SPI0_IRQHandler
                0x000000000000dedc        0xc Startup/startup_mk60d10.o
                0x000000000000dedc                SPI0_IRQHandler
 .text.SPI1_IRQHandler
                0x000000000000dee8        0xc Startup/startup_mk60d10.o
                0x000000000000dee8                SPI1_IRQHandler
 .text.SPI2_IRQHandler
                0x000000000000def4        0xc Startup/startup_mk60d10.o
                0x000000000000def4                SPI2_IRQHandler
 .text.CAN0_ORed_Message_buffer_IRQHandler
                0x000000000000df00        0xc Startup/startup_mk60d10.o
                0x000000000000df00                CAN0_ORed_Message_buffer_IRQHandler
 .text.CAN0_Bus_Off_IRQHandler
                0x000000000000df0c        0xc Startup/startup_mk60d10.o
                0x000000000000df0c                CAN0_Bus_Off_IRQHandler
 .text.CAN0_Error_IRQHandler
                0x000000000000df18        0xc Startup/startup_mk60d10.o
                0x000000000000df18                CAN0_Error_IRQHandler
 .text.CAN0_Tx_Warning_IRQHandler
                0x000000000000df24        0xc Startup/startup_mk60d10.o
                0x000000000000df24                CAN0_Tx_Warning_IRQHandler
 .text.CAN0_Rx_Warning_IRQHandler
                0x000000000000df30        0xc Startup/startup_mk60d10.o
                0x000000000000df30                CAN0_Rx_Warning_IRQHandler
 .text.CAN0_Wake_Up_IRQHandler
                0x000000000000df3c        0xc Startup/startup_mk60d10.o
                0x000000000000df3c                CAN0_Wake_Up_IRQHandler
 .text.I2S0_Tx_IRQHandler
                0x000000000000df48        0xc Startup/startup_mk60d10.o
                0x000000000000df48                I2S0_Tx_IRQHandler
 .text.I2S0_Rx_IRQHandler
                0x000000000000df54        0xc Startup/startup_mk60d10.o
                0x000000000000df54                I2S0_Rx_IRQHandler
 .text.CAN1_ORed_Message_buffer_IRQHandler
                0x000000000000df60        0xc Startup/startup_mk60d10.o
                0x000000000000df60                CAN1_ORed_Message_buffer_IRQHandler
 .text.CAN1_Bus_Off_IRQHandler
                0x000000000000df6c        0xc Startup/startup_mk60d10.o
                0x000000000000df6c                CAN1_Bus_Off_IRQHandler
 .text.CAN1_Error_IRQHandler
                0x000000000000df78        0xc Startup/startup_mk60d10.o
                0x000000000000df78                CAN1_Error_IRQHandler
 .text.CAN1_Tx_Warning_IRQHandler
                0x000000000000df84        0xc Startup/startup_mk60d10.o
                0x000000000000df84                CAN1_Tx_Warning_IRQHandler
 .text.CAN1_Rx_Warning_IRQHandler
                0x000000000000df90        0xc Startup/startup_mk60d10.o
                0x000000000000df90                CAN1_Rx_Warning_IRQHandler
 .text.CAN1_Wake_Up_IRQHandler
                0x000000000000df9c        0xc Startup/startup_mk60d10.o
                0x000000000000df9c                CAN1_Wake_Up_IRQHandler
 .text.Reserved59_IRQHandler
                0x000000000000dfa8        0xc Startup/startup_mk60d10.o
                0x000000000000dfa8                Reserved59_IRQHandler
 .text.UART0_LON_IRQHandler
                0x000000000000dfb4        0xc Startup/startup_mk60d10.o
                0x000000000000dfb4                UART0_LON_IRQHandler
 .text.UART0_ERR_IRQHandler
                0x000000000000dfc0        0xc Startup/startup_mk60d10.o
                0x000000000000dfc0                UART0_ERR_IRQHandler
 .text.UART1_RX_TX_IRQHandler
                0x000000000000dfcc        0xc Startup/startup_mk60d10.o
                0x000000000000dfcc                UART1_RX_TX_IRQHandler
 .text.UART1_ERR_IRQHandler
                0x000000000000dfd8        0xc Startup/startup_mk60d10.o
                0x000000000000dfd8                UART1_ERR_IRQHandler
 .text.UART2_RX_TX_IRQHandler
                0x000000000000dfe4        0xc Startup/startup_mk60d10.o
                0x000000000000dfe4                UART2_RX_TX_IRQHandler
 .text.UART2_ERR_IRQHandler
                0x000000000000dff0        0xc Startup/startup_mk60d10.o
                0x000000000000dff0                UART2_ERR_IRQHandler
 .text.UART3_RX_TX_IRQHandler
                0x000000000000dffc        0xc Startup/startup_mk60d10.o
                0x000000000000dffc                UART3_RX_TX_IRQHandler
 .text.UART3_ERR_IRQHandler
                0x000000000000e008        0xc Startup/startup_mk60d10.o
                0x000000000000e008                UART3_ERR_IRQHandler
 .text.UART4_RX_TX_IRQHandler
                0x000000000000e014        0xc Startup/startup_mk60d10.o
                0x000000000000e014                UART4_RX_TX_IRQHandler
 .text.UART4_ERR_IRQHandler
                0x000000000000e020        0xc Startup/startup_mk60d10.o
                0x000000000000e020                UART4_ERR_IRQHandler
 .text.UART5_RX_TX_IRQHandler
                0x000000000000e02c        0xc Startup/startup_mk60d10.o
                0x000000000000e02c                UART5_RX_TX_IRQHandler
 .text.UART5_ERR_IRQHandler
                0x000000000000e038        0xc Startup/startup_mk60d10.o
                0x000000000000e038                UART5_ERR_IRQHandler
 .text.ADC0_IRQHandler
                0x000000000000e044        0xc Startup/startup_mk60d10.o
                0x000000000000e044                ADC0_IRQHandler
 .text.ADC1_IRQHandler
                0x000000000000e050        0xc Startup/startup_mk60d10.o
                0x000000000000e050                ADC1_IRQHandler
 .text.CMP0_IRQHandler
                0x000000000000e05c        0xc Startup/startup_mk60d10.o
                0x000000000000e05c                CMP0_IRQHandler
 .text.CMP1_IRQHandler
                0x000000000000e068        0xc Startup/startup_mk60d10.o
                0x000000000000e068                CMP1_IRQHandler
 .text.CMP2_IRQHandler
                0x000000000000e074        0xc Startup/startup_mk60d10.o
                0x000000000000e074                CMP2_IRQHandler
 .text.FTM0_IRQHandler
                0x000000000000e080        0xc Startup/startup_mk60d10.o
                0x000000000000e080                FTM0_IRQHandler
 .text.FTM1_IRQHandler
                0x000000000000e08c        0xc Startup/startup_mk60d10.o
                0x000000000000e08c                FTM1_IRQHandler
 .text.FTM2_IRQHandler
                0x000000000000e098        0xc Startup/startup_mk60d10.o
                0x000000000000e098                FTM2_IRQHandler
 .text.CMT_IRQHandler
                0x000000000000e0a4        0xc Startup/startup_mk60d10.o
                0x000000000000e0a4                CMT_IRQHandler
 .text.RTC_IRQHandler
                0x000000000000e0b0        0xc Startup/startup_mk60d10.o
                0x000000000000e0b0                RTC_IRQHandler
 .text.RTC_Seconds_IRQHandler
                0x000000000000e0bc        0xc Startup/startup_mk60d10.o
                0x000000000000e0bc                RTC_Seconds_IRQHandler
 .text.PIT1_IRQHandler
                0x000000000000e0c8        0xc Startup/startup_mk60d10.o
                0x000000000000e0c8                PIT1_IRQHandler
 .text.PIT2_IRQHandler
                0x000000000000e0d4        0xc Startup/startup_mk60d10.o
                0x000000000000e0d4                PIT2_IRQHandler
 .text.PIT3_IRQHandler
                0x000000000000e0e0        0xc Startup/startup_mk60d10.o
                0x000000000000e0e0                PIT3_IRQHandler
 .text.PDB0_IRQHandler
                0x000000000000e0ec        0xc Startup/startup_mk60d10.o
                0x000000000000e0ec                PDB0_IRQHandler
 .text.USB0_IRQHandler
                0x000000000000e0f8        0xc Startup/startup_mk60d10.o
                0x000000000000e0f8                USB0_IRQHandler
 .text.USBDCD_IRQHandler
                0x000000000000e104        0xc Startup/startup_mk60d10.o
                0x000000000000e104                USBDCD_IRQHandler
 .text.ENET_1588_Timer_IRQHandler
                0x000000000000e110        0xc Startup/startup_mk60d10.o
                0x000000000000e110                ENET_1588_Timer_IRQHandler
 .text.ENET_Transmit_IRQHandler
                0x000000000000e11c        0xc Startup/startup_mk60d10.o
                0x000000000000e11c                ENET_Transmit_IRQHandler
 .text.ENET_Receive_IRQHandler
                0x000000000000e128        0xc Startup/startup_mk60d10.o
                0x000000000000e128                ENET_Receive_IRQHandler
 .text.ENET_Error_IRQHandler
                0x000000000000e134        0xc Startup/startup_mk60d10.o
                0x000000000000e134                ENET_Error_IRQHandler
 .text.Reserved95_IRQHandler
                0x000000000000e140        0xc Startup/startup_mk60d10.o
                0x000000000000e140                Reserved95_IRQHandler
 .text.SDHC_IRQHandler
                0x000000000000e14c        0xc Startup/startup_mk60d10.o
                0x000000000000e14c                SDHC_IRQHandler
 .text.DAC0_IRQHandler
                0x000000000000e158        0xc Startup/startup_mk60d10.o
                0x000000000000e158                DAC0_IRQHandler
 .text.DAC1_IRQHandler
                0x000000000000e164        0xc Startup/startup_mk60d10.o
                0x000000000000e164                DAC1_IRQHandler
 .text.TSI0_IRQHandler
                0x000000000000e170        0xc Startup/startup_mk60d10.o
                0x000000000000e170                TSI0_IRQHandler
 .text.MCG_IRQHandler
                0x000000000000e17c        0xc Startup/startup_mk60d10.o
                0x000000000000e17c                MCG_IRQHandler
 .text.LPTMR0_IRQHandler
                0x000000000000e188        0xc Startup/startup_mk60d10.o
                0x000000000000e188                LPTMR0_IRQHandler
 .text.Reserved102_IRQHandler
                0x000000000000e194        0xc Startup/startup_mk60d10.o
                0x000000000000e194                Reserved102_IRQHandler
 .text.Reserved108_IRQHandler
                0x000000000000e1a0        0xc Startup/startup_mk60d10.o
                0x000000000000e1a0                Reserved108_IRQHandler
 .text.Reserved109_IRQHandler
                0x000000000000e1ac        0xc Startup/startup_mk60d10.o
                0x000000000000e1ac                Reserved109_IRQHandler
 .text.SWI_IRQHandler
                0x000000000000e1b8        0xc Startup/startup_mk60d10.o
                0x000000000000e1b8                SWI_IRQHandler
 *fill*         0x000000000000e1c4        0x4 
 .text._ZN8FEHMotorC2ENS_12FEHMotorPortEf
                0x000000000000e1c8       0x7c Libraries/FEHMotor.o
                0x000000000000e1c8                FEHMotor::FEHMotor(FEHMotor::FEHMotorPort, float)
                0x000000000000e1c8                FEHMotor::FEHMotor(FEHMotor::FEHMotorPort, float)
 .text._ZN8FEHMotor4StopEv
                0x000000000000e244       0x30 Libraries/FEHMotor.o
                0x000000000000e244                FEHMotor::Stop()
 .text._ZN8FEHMotor8SetPowerEi
                0x000000000000e274       0x54 Libraries/FEHMotor.o
                0x000000000000e274                FEHMotor::SetPower(int)
 .text._ZN8FEHMotor10SetPercentEf
                0x000000000000e2c8       0xf8 Libraries/FEHMotor.o
                0x000000000000e2c8                FEHMotor::SetPercent(float)
 .text._Z21IIC_StartTransmissionhh
                0x000000000000e3c0       0x6c Drivers/i2c.o
                0x000000000000e3c0                IIC_StartTransmission(unsigned char, unsigned char)
 .text._Z5Pausev
                0x000000000000e42c       0x24 Drivers/i2c.o
                0x000000000000e42c                Pause()
 .text._Z21MMA8451QWriteRegisterhh
                0x000000000000e450       0x68 Drivers/i2c.o
                0x000000000000e450                MMA8451QWriteRegister(unsigned char, unsigned char)
 .text._Z8i2c_Waitv
                0x000000000000e4b8       0x6c Drivers/i2c.o
                0x000000000000e4b8                i2c_Wait()
 .text._Z12SPI_SendCharh
                0x000000000000e524       0x1a Drivers/spi.o
                0x000000000000e524                SPI_SendChar(unsigned char)
 .text._Z16SPI_WriteCommandhh
                0x000000000000e53e       0x34 Drivers/spi.o
                0x000000000000e53e                SPI_WriteCommand(unsigned char, unsigned char)
 .text._Z11SPI_GetCharv
                0x000000000000e572       0x10 Drivers/spi.o
                0x000000000000e572                SPI_GetChar()
 .text._Z15SPI_ReadCommandh
                0x000000000000e582       0x38 Drivers/spi.o
                0x000000000000e582                SPI_ReadCommand(unsigned char)
 *fill*         0x000000000000e5ba        0x2 
 .text._Z13SPI_CS_Assertv
                0x000000000000e5bc       0x1c Drivers/spi.o
                0x000000000000e5bc                SPI_CS_Assert()
 .text._Z15SPI_CS_Deassertv
                0x000000000000e5d8       0x1c Drivers/spi.o
                0x000000000000e5d8                SPI_CS_Deassert()
 .text._Z12SPI_Transferh
                0x000000000000e5f4       0x6c Drivers/spi.o
                0x000000000000e5f4                SPI_Transfer(unsigned char)
 .text._Z8SPI_Initv
                0x000000000000e660       0xa0 Drivers/spi.o
                0x000000000000e660                SPI_Init()
 .text._Z9uart_initPV11UART_MemMapii
                0x000000000000e700      0x174 Drivers/uart.o
                0x000000000000e700                uart_init(UART_MemMap volatile*, int, int)
 .text._Z12uart_getcharPV11UART_MemMap
                0x000000000000e874       0x32 Drivers/uart.o
                0x000000000000e874                uart_getchar(UART_MemMap volatile*)
 .text._Z12uart_putcharPV11UART_MemMapc
                0x000000000000e8a6       0x32 Drivers/uart.o
                0x000000000000e8a6                uart_putchar(UART_MemMap volatile*, char)
 .text._ZL7mem_setPvij
                0x000000000000e8d8       0x3c Drivers/ff.o
 .text._ZL11move_windowP5FATFSm
                0x000000000000e914       0xc8 Drivers/ff.o
 .text._ZL4syncP5FATFS
                0x000000000000e9dc      0x14c Drivers/ff.o
 .text._ZL8validateP5FATFSt
                0x000000000000eb28       0x54 Drivers/ff.o
 .text._Z6f_syncP3FIL
                0x000000000000eb7c      0x186 Drivers/ff.o
                0x000000000000eb7c                f_sync(FIL*)
 .text._Z7f_closeP3FIL
                0x000000000000ed02       0x28 Drivers/ff.o
                0x000000000000ed02                f_close(FIL*)
 *fill*         0x000000000000ed2a        0x2 
 .text._ZL17SDHC_set_baudratemm
                0x000000000000ed2c       0xe8 Drivers/SDHC.o
 .text._Z9SDHC_initP17esdhc_info_structPK17esdhc_init_struct
                0x000000000000ee14      0x130 Drivers/SDHC.o
                0x000000000000ee14                SDHC_init(esdhc_info_struct*, esdhc_init_struct const*)
 .text._ZL15SDHC_is_runningv
                0x000000000000ef44       0x24 Drivers/SDHC.o
 .text._ZL16SDHC_status_waitm
                0x000000000000ef68       0x2c Drivers/SDHC.o
 .text._ZL17SDHC_send_commandP20esdhc_command_struct
                0x000000000000ef94      0x1f8 Drivers/SDHC.o
 .text._Z10SDHC_ioctlmPv
                0x000000000000f18c      0x6f0 Drivers/SDHC.o
                0x000000000000f18c                SDHC_ioctl(unsigned long, void*)
 .text._ZL14rcvr_datablockPhm
                0x000000000000f87c       0xf0 Drivers/SDHC.o
 .text._Z9disk_readhPhmh
                0x000000000000f96c      0x124 Drivers/SDHC.o
                0x000000000000f96c                disk_read(unsigned char, unsigned char*, unsigned long, unsigned char)
 .text._ZL14xmit_datablockPKhm
                0x000000000000fa90       0xa4 Drivers/SDHC.o
 .text._Z10disk_writehPKhmh
                0x000000000000fb34      0x198 Drivers/SDHC.o
                0x000000000000fb34                disk_write(unsigned char, unsigned char const*, unsigned long, unsigned char)
 .text._Z10disk_ioctlhhPv
                0x000000000000fccc      0x104 Drivers/SDHC.o
                0x000000000000fccc                disk_ioctl(unsigned char, unsigned char, void*)
 .text._Z11disk_statush
                0x000000000000fdd0       0x28 Drivers/SDHC.o
                0x000000000000fdd0                disk_status(unsigned char)
 .text._Z13time_delay_msm
                0x000000000000fdf8       0x6c Drivers/lptmr.o
                0x000000000000fdf8                time_delay_ms(unsigned long)
 .text._Z41__static_initialization_and_destruction_0ii
                0x000000000000fe64       0x2c FEHProteus.o
 .text._GLOBAL__sub_I_Propeller
                0x000000000000fe90       0x10 FEHProteus.o
 .text._ZN12FEHPropellerC2Ev
                0x000000000000fea0       0x1a Drivers/FEHPropeller.o
                0x000000000000fea0                FEHPropeller::FEHPropeller()
                0x000000000000fea0                FEHPropeller::FEHPropeller()
 *fill*         0x000000000000feba        0x2 
 .text._ZN12FEHPropeller10InitializeEv
                0x000000000000febc       0x74 Drivers/FEHPropeller.o
                0x000000000000febc                FEHPropeller::Initialize()
 .text._ZN12FEHPropeller12SetMotorRateEhhh
                0x000000000000ff30       0x5c Drivers/FEHPropeller.o
                0x000000000000ff30                FEHPropeller::SetMotorRate(unsigned char, unsigned char, unsigned char)
 .text._ZL5Delaymjj
                0x000000000000ff8c       0x94 Libraries/FEHUtility.o
 .text._Z5Sleepi
                0x0000000000010020       0x2c Libraries/FEHUtility.o
                0x0000000000010020                Sleep(int)
 .text._Z5Sleepf
                0x000000000001004c       0x40 Libraries/FEHUtility.o
                0x000000000001004c                Sleep(float)
 .text._Z5Sleepd
                0x000000000001008c       0x4c Libraries/FEHUtility.o
                0x000000000001008c                Sleep(double)
 .text._Z7TimeNowv
                0x00000000000100d8       0x5c Libraries/FEHUtility.o
                0x00000000000100d8                TimeNow()
 .text._Z11TimeNowMSecv
                0x0000000000010134       0x38 Libraries/FEHUtility.o
                0x0000000000010134                TimeNowMSec()
 .text._ZN15DigitalInputPinC2EN5FEHIO8FEHIOPinE
                0x000000000001016c       0x20 Libraries/FEHIO.o
                0x000000000001016c                DigitalInputPin::DigitalInputPin(FEHIO::FEHIOPin)
                0x000000000001016c                DigitalInputPin::DigitalInputPin(FEHIO::FEHIOPin)
 .text._ZN15DigitalInputPin10InitializeEN5FEHIO8FEHIOPinE
                0x000000000001018c      0x198 Libraries/FEHIO.o
                0x000000000001018c                DigitalInputPin::Initialize(FEHIO::FEHIOPin)
 .text._ZN15DigitalInputPin5ValueEv
                0x0000000000010324      0x108 Libraries/FEHIO.o
                0x0000000000010324                DigitalInputPin::Value()
 .text._ZN14DigitalEncoderC2EN5FEHIO8FEHIOPinE
                0x000000000001042c       0x26 Libraries/FEHIO.o
                0x000000000001042c                DigitalEncoder::DigitalEncoder(FEHIO::FEHIOPin)
                0x000000000001042c                DigitalEncoder::DigitalEncoder(FEHIO::FEHIOPin)
 *fill*         0x0000000000010452        0x2 
 .text._Z10enable_irqi
                0x0000000000010454      0x11c Libraries/FEHIO.o
                0x0000000000010454                enable_irq(int)
 .text._ZN14DigitalEncoder10InitializeEN5FEHIO8FEHIOPinENS0_21FEHIOInterruptTriggerE
                0x0000000000010570      0x1a8 Libraries/FEHIO.o
                0x0000000000010570                DigitalEncoder::Initialize(FEHIO::FEHIOPin, FEHIO::FEHIOInterruptTrigger)
 .text._Z16PORTB_IRQHandlerv
                0x0000000000010718       0x9c Libraries/FEHIO.o
                0x0000000000010718                PORTB_IRQHandler()
 .text._Z16PORTC_IRQHandlerv
                0x00000000000107b4       0x9c Libraries/FEHIO.o
                0x00000000000107b4                PORTC_IRQHandler()
 .text._Z16PORTA_IRQHandlerv
                0x0000000000010850       0xa0 Libraries/FEHIO.o
                0x0000000000010850                PORTA_IRQHandler()
 .text._Z16PORTE_IRQHandlerv
                0x00000000000108f0       0x98 Libraries/FEHIO.o
                0x00000000000108f0                PORTE_IRQHandler()
 .text._ZN14DigitalEncoder6CountsEv
                0x0000000000010988       0x24 Libraries/FEHIO.o
                0x0000000000010988                DigitalEncoder::Counts()
 .text._ZN14DigitalEncoder11ResetCountsEv
                0x00000000000109ac       0x24 Libraries/FEHIO.o
                0x00000000000109ac                DigitalEncoder::ResetCounts()
 .text._ZN14AnalogInputPinC2EN5FEHIO8FEHIOPinE
                0x00000000000109d0       0x1e Libraries/FEHIO.o
                0x00000000000109d0                AnalogInputPin::AnalogInputPin(FEHIO::FEHIOPin)
                0x00000000000109d0                AnalogInputPin::AnalogInputPin(FEHIO::FEHIOPin)
 *fill*         0x00000000000109ee        0x2 
 .text._ZN14AnalogInputPin5ValueEv
                0x00000000000109f0      0x120 Libraries/FEHIO.o
                0x00000000000109f0                AnalogInputPin::Value()
 .text._ZN13AnalogEncoder12EncoderValueEv
                0x0000000000010b10       0xb0 Libraries/FEHIO.o
                0x0000000000010b10                AnalogEncoder::EncoderValue()
 .text._ZN14AnalogInputPin8InitADCsEv
                0x0000000000010bc0       0x98 Libraries/FEHIO.o
                0x0000000000010bc0                AnalogInputPin::InitADCs()
 .text._Z15PIT0_IRQHandlerv
                0x0000000000010c58       0x28 Libraries/FEHIO.o
                0x0000000000010c58                PIT0_IRQHandler()
 .text._ZN13AnalogEncoder4InitEv
                0x0000000000010c80       0x44 Libraries/FEHIO.o
                0x0000000000010c80                AnalogEncoder::Init()
 .text._ZN13AnalogEncoder14SetCounterInitEj
                0x0000000000010cc4       0x20 Libraries/FEHIO.o
                0x0000000000010cc4                AnalogEncoder::SetCounterInit(unsigned int)
 .text._ZN13AnalogEncoder10ProcessIntEv
                0x0000000000010ce4       0x68 Libraries/FEHIO.o
                0x0000000000010ce4                AnalogEncoder::ProcessInt()
 .text._ZN13AnalogEncoder14ProcessIntSelfEv
                0x0000000000010d4c       0x6e Libraries/FEHIO.o
                0x0000000000010d4c                AnalogEncoder::ProcessIntSelf()
 .text._Z7ADC_CalPV10ADC_MemMap
                0x0000000000010dba      0x13e Drivers/adc16.o
                0x0000000000010dba                ADC_Cal(ADC_MemMap volatile*)
 .text._Z14ADC_Config_AltPV10ADC_MemMapP7adc_cfg
                0x0000000000010ef8       0x6c Drivers/adc16.o
                0x0000000000010ef8                ADC_Config_Alt(ADC_MemMap volatile*, adc_cfg*)
 .text._ZN9FEHBuzzerC2Ev
                0x0000000000010f64       0x14 Libraries/FEHBuzzer.o
                0x0000000000010f64                FEHBuzzer::FEHBuzzer()
                0x0000000000010f64                FEHBuzzer::FEHBuzzer()
 .text._Z41__static_initialization_and_destruction_0ii
                0x0000000000010f78       0x2c Libraries/FEHBuzzer.o
 .text._GLOBAL__sub_I_Buzzer
                0x0000000000010fa4       0x10 Libraries/FEHBuzzer.o
 .text._ZN8FEHServoC2ENS_12FEHServoPortE
                0x0000000000010fb4       0x38 Libraries/FEHServo.o
                0x0000000000010fb4                FEHServo::FEHServo(FEHServo::FEHServoPort)
                0x0000000000010fb4                FEHServo::FEHServo(FEHServo::FEHServoPort)
 .text._ZN8FEHServo6SetMinEi
                0x0000000000010fec       0x3a Libraries/FEHServo.o
                0x0000000000010fec                FEHServo::SetMin(int)
 .text._ZN8FEHServo6SetMaxEi
                0x0000000000011026       0x3a Libraries/FEHServo.o
                0x0000000000011026                FEHServo::SetMax(int)
 .text._ZN8FEHServo9SetDegreeEf
                0x0000000000011060       0xf8 Libraries/FEHServo.o
                0x0000000000011060                FEHServo::SetDegree(float)
 .text._ZN6FEHLCD11_InitializeEv
                0x0000000000011158      0x410 Libraries/FEHLCD.o
                0x0000000000011158                FEHLCD::_Initialize()
 .text._ZN6FEHLCDC2Ev
                0x0000000000011568       0x50 Libraries/FEHLCD.o
                0x0000000000011568                FEHLCD::FEHLCD()
                0x0000000000011568                FEHLCD::FEHLCD()
 .text._ZN6FEHLCD10InitializeEv
                0x00000000000115b8       0x28 Libraries/FEHLCD.o
                0x00000000000115b8                FEHLCD::Initialize()
 .text._ZN6FEHLCD10PrintImageEii
                0x00000000000115e0       0xbc Libraries/FEHLCD.o
                0x00000000000115e0                FEHLCD::PrintImage(int, int)
 .text._ZN6FEHLCD9PrintLogoEii
                0x000000000001169c       0xbc Libraries/FEHLCD.o
                0x000000000001169c                FEHLCD::PrintLogo(int, int)
 .text._ZN6FEHLCD22ConvertFEHColorTo24BitENS_11FEHLCDColorE
                0x0000000000011758       0x78 Libraries/FEHLCD.o
                0x0000000000011758                FEHLCD::ConvertFEHColorTo24Bit(FEHLCD::FEHLCDColor)
 .text._ZN6FEHLCD24Convert24BitColorTo16BitEj
                0x00000000000117d0       0x30 Libraries/FEHLCD.o
                0x00000000000117d0                FEHLCD::Convert24BitColorTo16Bit(unsigned int)
 .text._ZN6FEHLCD22ConvertRGBColorTo16BitEhhh
                0x0000000000011800       0x4a Libraries/FEHLCD.o
                0x0000000000011800                FEHLCD::ConvertRGBColorTo16Bit(unsigned char, unsigned char, unsigned char)
 .text._ZN6FEHLCD5ClearENS_11FEHLCDColorE
                0x000000000001184a       0x28 Libraries/FEHLCD.o
                0x000000000001184a                FEHLCD::Clear(FEHLCD::FEHLCDColor)
 .text._ZN6FEHLCD5ClearEj
                0x0000000000011872       0x2c Libraries/FEHLCD.o
                0x0000000000011872                FEHLCD::Clear(unsigned int)
 .text._ZN6FEHLCD5ClearEv
                0x000000000001189e       0x16 Libraries/FEHLCD.o
                0x000000000001189e                FEHLCD::Clear()
 .text._ZN6FEHLCD18SetBackgroundColorENS_11FEHLCDColorE
                0x00000000000118b4       0x28 Libraries/FEHLCD.o
                0x00000000000118b4                FEHLCD::SetBackgroundColor(FEHLCD::FEHLCDColor)
 .text._ZN6FEHLCD18SetBackgroundColorEj
                0x00000000000118dc       0x26 Libraries/FEHLCD.o
                0x00000000000118dc                FEHLCD::SetBackgroundColor(unsigned int)
 .text._ZN6FEHLCD12SetFontColorENS_11FEHLCDColorE
                0x0000000000011902       0x28 Libraries/FEHLCD.o
                0x0000000000011902                FEHLCD::SetFontColor(FEHLCD::FEHLCDColor)
 .text._ZN6FEHLCD12SetFontColorEj
                0x000000000001192a       0x26 Libraries/FEHLCD.o
                0x000000000001192a                FEHLCD::SetFontColor(unsigned int)
 .text._ZN6FEHLCD7WriteAtEPKcii
                0x0000000000011950       0x46 Libraries/FEHLCD.o
                0x0000000000011950                FEHLCD::WriteAt(char const*, int, int)
 .text._ZN6FEHLCD11TS_SPI_InitEv
                0x0000000000011996       0x7c Libraries/FEHLCD.o
                0x0000000000011996                FEHLCD::TS_SPI_Init()
 *fill*         0x0000000000011a12        0x6 
 .text._ZN6FEHLCD5TouchEPfS0_
                0x0000000000011a18      0x1fc Libraries/FEHLCD.o
                0x0000000000011a18                FEHLCD::Touch(float*, float*)
 .text._ZN6FEHLCD3absEi
                0x0000000000011c14       0x22 Libraries/FEHLCD.o
                0x0000000000011c14                FEHLCD::abs(int)
 .text._ZN6FEHLCD5WriteEPKc
                0x0000000000011c36       0x4e Libraries/FEHLCD.o
                0x0000000000011c36                FEHLCD::Write(char const*)
 .text._ZN6FEHLCD5WriteEf
                0x0000000000011c84       0xc0 Libraries/FEHLCD.o
                0x0000000000011c84                FEHLCD::Write(float)
 .text._ZN6FEHLCD5WriteEc
                0x0000000000011d44       0x30 Libraries/FEHLCD.o
                0x0000000000011d44                FEHLCD::Write(char)
 .text._ZN6FEHLCD9WriteLineEPKc
                0x0000000000011d74       0x26 Libraries/FEHLCD.o
                0x0000000000011d74                FEHLCD::WriteLine(char const*)
 .text._ZN6FEHLCD9WriteLineEf
                0x0000000000011d9a       0x26 Libraries/FEHLCD.o
                0x0000000000011d9a                FEHLCD::WriteLine(float)
 .text._ZN6FEHLCD9WriteLineEc
                0x0000000000011dc0       0x2a Libraries/FEHLCD.o
                0x0000000000011dc0                FEHLCD::WriteLine(char)
 *fill*         0x0000000000011dea        0x2 
 .text._ZN6FEHLCD10WriteIndexEh
                0x0000000000011dec      0x14c Libraries/FEHLCD.o
                0x0000000000011dec                FEHLCD::WriteIndex(unsigned char)
 .text._ZN6FEHLCD14WriteParameterEh
                0x0000000000011f38      0x130 Libraries/FEHLCD.o
                0x0000000000011f38                FEHLCD::WriteParameter(unsigned char)
 .text._ZN6FEHLCD6_ClearEv
                0x0000000000012068      0x15c Libraries/FEHLCD.o
                0x0000000000012068                FEHLCD::_Clear()
 .text._ZN6FEHLCD8NextLineEv
                0x00000000000121c4       0x2a Libraries/FEHLCD.o
                0x00000000000121c4                FEHLCD::NextLine()
 .text._ZN6FEHLCD9CheckLineEv
                0x00000000000121ee       0x28 Libraries/FEHLCD.o
                0x00000000000121ee                FEHLCD::CheckLine()
 .text._ZN6FEHLCD8NextCharEv
                0x0000000000012216       0x32 Libraries/FEHLCD.o
                0x0000000000012216                FEHLCD::NextChar()
 .text._ZN6FEHLCD9DrawPixelEii
                0x0000000000012248       0x2a Libraries/FEHLCD.o
                0x0000000000012248                FEHLCD::DrawPixel(int, int)
 .text._Z4SwapRiS_
                0x0000000000012272       0x28 Libraries/FEHLCD.o
                0x0000000000012272                Swap(int&, int&)
 .text._ZN6FEHLCD13DrawRectangleEiiii
                0x000000000001229a       0x7c Libraries/FEHLCD.o
                0x000000000001229a                FEHLCD::DrawRectangle(int, int, int, int)
 .text._ZN6FEHLCD13SetDrawRegionEiiii
                0x0000000000012316       0xfe Libraries/FEHLCD.o
                0x0000000000012316                FEHLCD::SetDrawRegion(int, int, int, int)
 .text._ZN6FEHLCD8DrawLineEiiii
                0x0000000000012414      0x14c Libraries/FEHLCD.o
                0x0000000000012414                FEHLCD::DrawLine(int, int, int, int)
 .text._ZN6FEHLCD9WriteCharEiic
                0x0000000000012560       0x34 Libraries/FEHLCD.o
                0x0000000000012560                FEHLCD::WriteChar(int, int, char)
 .text._ZN6FEHLCD11WriteCharAtEiic
                0x0000000000012594      0x214 Libraries/FEHLCD.o
                0x0000000000012594                FEHLCD::WriteCharAt(int, int, char)
 .text._ZN6FEHLCD11RepeatColorEv
                0x00000000000127a8       0x70 Libraries/FEHLCD.o
                0x00000000000127a8                FEHLCD::RepeatColor()
 .text._ZN6FEHLCD10_ForePixelEv
                0x0000000000012818       0xc4 Libraries/FEHLCD.o
                0x0000000000012818                FEHLCD::_ForePixel()
 .text._ZN6FEHLCD10_BackPixelEv
                0x00000000000128dc       0xc4 Libraries/FEHLCD.o
                0x00000000000128dc                FEHLCD::_BackPixel()
 .text._ZN6FEHLCD22SetRegisterColorValuesEv
                0x00000000000129a0      0x336 Libraries/FEHLCD.o
                0x00000000000129a0                FEHLCD::SetRegisterColorValues()
 .text._ZN7FEHIcon4IconC2Ev
                0x0000000000012cd6       0x14 Libraries/FEHLCD.o
                0x0000000000012cd6                FEHIcon::Icon::Icon()
                0x0000000000012cd6                FEHIcon::Icon::Icon()
 .text._ZN7FEHIcon4Icon13SetPropertiesEPciiiijj
                0x0000000000012cea       0x6a Libraries/FEHLCD.o
                0x0000000000012cea                FEHIcon::Icon::SetProperties(char*, int, int, int, int, unsigned int, unsigned int)
 .text._ZN7FEHIcon4Icon4DrawEv
                0x0000000000012d54       0x90 Libraries/FEHLCD.o
                0x0000000000012d54                FEHIcon::Icon::Draw()
 .text._ZN7FEHIcon4Icon6SelectEv
                0x0000000000012de4       0x90 Libraries/FEHLCD.o
                0x0000000000012de4                FEHIcon::Icon::Select()
 .text._ZN7FEHIcon4Icon8DeselectEv
                0x0000000000012e74       0x8c Libraries/FEHLCD.o
                0x0000000000012e74                FEHIcon::Icon::Deselect()
 .text._ZN7FEHIcon4Icon7PressedEffi
                0x0000000000012f00      0x13c Libraries/FEHLCD.o
                0x0000000000012f00                FEHIcon::Icon::Pressed(float, float, int)
 .text._ZN7FEHIcon4Icon12WhilePressedEff
                0x000000000001303c       0x50 Libraries/FEHLCD.o
                0x000000000001303c                FEHIcon::Icon::WhilePressed(float, float)
 .text._ZN7FEHIcon13DrawIconArrayEPNS_4IconEiiiiiiPA20_cjj
                0x000000000001308c      0x168 Libraries/FEHLCD.o
                0x000000000001308c                FEHIcon::DrawIconArray(FEHIcon::Icon*, int, int, int, int, int, int, char (*) [20], unsigned int, unsigned int)
 .text._Z41__static_initialization_and_destruction_0ii
                0x00000000000131f4       0x2c Libraries/FEHLCD.o
 .text._GLOBAL__sub_I_image
                0x0000000000013220       0x10 Libraries/FEHLCD.o
 .text._ZN8FEHAccelC2Ev
                0x0000000000013230       0x70 Libraries/FEHAccel.o
                0x0000000000013230                FEHAccel::FEHAccel()
                0x0000000000013230                FEHAccel::FEHAccel()
 .text._Z41__static_initialization_and_destruction_0ii
                0x00000000000132a0       0x2c Libraries/FEHAccel.o
 .text._GLOBAL__sub_I_Accel
                0x00000000000132cc       0x10 Libraries/FEHAccel.o
 .text._ZN10FEHBatteryC2EN5FEHIO8FEHIOPinE
                0x00000000000132dc       0x22 Libraries/FEHBattery.o
                0x00000000000132dc                FEHBattery::FEHBattery(FEHIO::FEHIOPin)
                0x00000000000132dc                FEHBattery::FEHBattery(FEHIO::FEHIOPin)
 *fill*         0x00000000000132fe        0x2 
 .text._Z41__static_initialization_and_destruction_0ii
                0x0000000000013300       0x30 Libraries/FEHBattery.o
 .text._GLOBAL__sub_I_Battery
                0x0000000000013330       0x10 Libraries/FEHBattery.o
 .text._ZN7FEHXBeeC2Ev
                0x0000000000013340       0x1a Drivers/FEHXBee.o
                0x0000000000013340                FEHXBee::FEHXBee()
                0x0000000000013340                FEHXBee::FEHXBee()
 *fill*         0x000000000001335a        0x2 
 .text._ZN7FEHXBee10InitializeEv
                0x000000000001335c       0xdc Drivers/FEHXBee.o
                0x000000000001335c                FEHXBee::Initialize()
 .text._ZN7FEHXBee13IsInitializedEv
                0x0000000000013438       0x16 Drivers/FEHXBee.o
                0x0000000000013438                FEHXBee::IsInitialized()
 *fill*         0x000000000001344e        0x2 
 .text._ZN7FEHXBee17ReceiveDataSearchEPcjh
                0x0000000000013450       0x8c Drivers/FEHXBee.o
                0x0000000000013450                FEHXBee::ReceiveDataSearch(char*, unsigned int, unsigned char)
 .text._ZN7FEHXBee8SendDataEPcj
                0x00000000000134dc       0x40 Drivers/FEHXBee.o
                0x00000000000134dc                FEHXBee::SendData(char*, unsigned int)
 .text._ZN7FEHXBee17SetPacketCallBackEPFvPhhE
                0x000000000001351c       0x20 Drivers/FEHXBee.o
                0x000000000001351c                FEHXBee::SetPacketCallBack(void (*)(unsigned char*, unsigned char))
 .text._Z22UART0_RX_TX_IRQHandlerv
                0x000000000001353c       0xec Drivers/FEHXBee.o
                0x000000000001353c                UART0_RX_TX_IRQHandler()
 .text._ZN6FEHRPSC2Ev
                0x0000000000013628       0x74 Libraries/FEHRPS.o
                0x0000000000013628                FEHRPS::FEHRPS()
                0x0000000000013628                FEHRPS::FEHRPS()
 .text._ZN6FEHRPS10InitializeEi
                0x000000000001369c      0x664 Libraries/FEHRPS.o
                0x000000000001369c                FEHRPS::Initialize(int)
 .text._ZN6FEHRPS10InitializeEc
                0x0000000000013d00       0x46 Libraries/FEHRPS.o
                0x0000000000013d00                FEHRPS::Initialize(char)
 *fill*         0x0000000000013d46        0x2 
 .text._ZN6FEHRPS19InitializeTouchMenuEv
                0x0000000000013d48      0x424 Libraries/FEHRPS.o
                0x0000000000013d48                FEHRPS::InitializeTouchMenu()
 .text._ZN6FEHRPS19CurrentRegionLetterEv
                0x000000000001416c       0x1c Libraries/FEHRPS.o
                0x000000000001416c                FEHRPS::CurrentRegionLetter()
 .text._ZN6FEHRPS15GetCorrectLeverEv
                0x0000000000014188       0x1c Libraries/FEHRPS.o
                0x0000000000014188                FEHRPS::GetCorrectLever()
 .text._ZN6FEHRPS13WaitForPacketEv
                0x00000000000141a4       0x58 Libraries/FEHRPS.o
                0x00000000000141a4                FEHRPS::WaitForPacket()
 .text._ZN6FEHRPS1XEv
                0x00000000000141fc       0x1c Libraries/FEHRPS.o
                0x00000000000141fc                FEHRPS::X()
 .text._ZN6FEHRPS1YEv
                0x0000000000014218       0x1c Libraries/FEHRPS.o
                0x0000000000014218                FEHRPS::Y()
 .text._ZN6FEHRPS7HeadingEv
                0x0000000000014234       0x1c Libraries/FEHRPS.o
                0x0000000000014234                FEHRPS::Heading()
 .text._Z14RPSDataProcessPhh
                0x0000000000014250      0x148 Libraries/FEHRPS.o
                0x0000000000014250                RPSDataProcess(unsigned char*, unsigned char)
 .text._Z41__static_initialization_and_destruction_0ii
                0x0000000000014398       0x2c Libraries/FEHRPS.o
 .text._GLOBAL__sub_I_RPS
                0x00000000000143c4       0x10 Libraries/FEHRPS.o
 .text._ZN5FEHSDC2Ev
                0x00000000000143d4       0x24 Libraries/FEHSD.o
                0x00000000000143d4                FEHSD::FEHSD()
                0x00000000000143d4                FEHSD::FEHSD()
 .text._ZN5FEHSD9FCloseAllEv
                0x00000000000143f8       0x6c Libraries/FEHSD.o
                0x00000000000143f8                FEHSD::FCloseAll()
 .text._Z41__static_initialization_and_destruction_0ii
                0x0000000000014464       0x2c Libraries/FEHSD.o
 .text._GLOBAL__sub_I_SD
                0x0000000000014490       0x10 Libraries/FEHSD.o
 .text._ZN9FEHRandom10InitializeEv
                0x00000000000144a0       0x3c Libraries/FEHRandom.o
                0x00000000000144a0                FEHRandom::Initialize()
 .text.startup._GLOBAL__sub_I__ZN9__gnu_cxx9__freeresEv
                0x00000000000144dc       0x28 /Applications/FEH_ARM/bin/../lib/gcc/arm-none-eabi/10.3.1/../../../../arm-none-eabi/lib/thumb/v7e-m/nofp/libstdc++.a(eh_alloc.o)
 .text          0x0000000000014504      0x378 /Applications/FEH_ARM/bin/../lib/gcc/arm-none-eabi/10.3.1/thumb/v7e-m/nofp/libgcc.a(_arm_addsubdf3.o)
                0x0000000000014504                __aeabi_drsub
                0x000000000001450c                __subdf3
                0x000000000001450c                __aeabi_dsub
                0x0000000000014510                __aeabi_dadd
                0x0000000000014510                __adddf3
                0x0000000000014788                __aeabi_ui2d
                0x0000000000014788                __floatunsidf
                0x00000000000147a8                __floatsidf
                0x00000000000147a8                __aeabi_i2d
                0x00000000000147cc                __extendsfdf2
                0x00000000000147cc                __aeabi_f2d
                0x0000000000014810                __aeabi_ul2d
                0x0000000000014810                __floatundidf
                0x0000000000014820                __aeabi_l2d
                0x0000000000014820                __floatdidf
 .text          0x000000000001487c      0x424 /Applications/FEH_ARM/bin/../lib/gcc/arm-none-eabi/10.3.1/thumb/v7e-m/nofp/libgcc.a(_arm_muldivdf3.o)
                0x000000000001487c                __aeabi_dmul
                0x000000000001487c                __muldf3
                0x0000000000014ad0                __aeabi_ddiv
                0x0000000000014ad0                __divdf3
 .text          0x0000000000014ca0      0x110 /Applications/FEH_ARM/bin/../lib/gcc/arm-none-eabi/10.3.1/thumb/v7e-m/nofp/libgcc.a(_arm_cmpdf2.o)
                0x0000000000014ca0                __gedf2
                0x0000000000014ca0                __gtdf2
                0x0000000000014ca8                __ledf2
                0x0000000000014ca8                __ltdf2
                0x0000000000014cb0                __cmpdf2
                0x0000000000014cb0                __eqdf2
                0x0000000000014cb0                __nedf2
                0x0000000000014d2c                __aeabi_cdrcmple
                0x0000000000014d3c                __aeabi_cdcmple
                0x0000000000014d3c                __aeabi_cdcmpeq
                0x0000000000014d4c                __aeabi_dcmpeq
                0x0000000000014d60                __aeabi_dcmplt
                0x0000000000014d74                __aeabi_dcmple
                0x0000000000014d88                __aeabi_dcmpge
                0x0000000000014d9c                __aeabi_dcmpgt
 .text          0x0000000000014db0       0x50 /Applications/FEH_ARM/bin/../lib/gcc/arm-none-eabi/10.3.1/thumb/v7e-m/nofp/libgcc.a(_arm_fixdfsi.o)
                0x0000000000014db0                __fixdfsi
                0x0000000000014db0                __aeabi_d2iz
 .text          0x0000000000014e00       0x40 /Applications/FEH_ARM/bin/../lib/gcc/arm-none-eabi/10.3.1/thumb/v7e-m/nofp/libgcc.a(_arm_fixunsdfsi.o)
                0x0000000000014e00                __fixunsdfsi
                0x0000000000014e00                __aeabi_d2uiz
 .text          0x0000000000014e40       0xa0 /Applications/FEH_ARM/bin/../lib/gcc/arm-none-eabi/10.3.1/thumb/v7e-m/nofp/libgcc.a(_arm_truncdfsf2.o)
                0x0000000000014e40                __aeabi_d2f
                0x0000000000014e40                __truncdfsf2
 .text          0x0000000000014ee0      0x21c /Applications/FEH_ARM/bin/../lib/gcc/arm-none-eabi/10.3.1/thumb/v7e-m/nofp/libgcc.a(_arm_addsubsf3.o)
                0x0000000000014ee0                __aeabi_frsub
                0x0000000000014ee8                __aeabi_fsub
                0x0000000000014ee8                __subsf3
                0x0000000000014eec                __aeabi_fadd
                0x0000000000014eec                __addsf3
                0x000000000001504c                __aeabi_ui2f
                0x000000000001504c                __floatunsisf
                0x0000000000015054                __floatsisf
                0x0000000000015054                __aeabi_i2f
                0x0000000000015070                __aeabi_ul2f
                0x0000000000015070                __floatundisf
                0x0000000000015080                __aeabi_l2f
                0x0000000000015080                __floatdisf
 .text          0x00000000000150fc      0x2a0 /Applications/FEH_ARM/bin/../lib/gcc/arm-none-eabi/10.3.1/thumb/v7e-m/nofp/libgcc.a(_arm_muldivsf3.o)
                0x00000000000150fc                __mulsf3
                0x00000000000150fc                __aeabi_fmul
                0x0000000000015264                __divsf3
                0x0000000000015264                __aeabi_fdiv
 .text          0x000000000001539c       0xec /Applications/FEH_ARM/bin/../lib/gcc/arm-none-eabi/10.3.1/thumb/v7e-m/nofp/libgcc.a(_arm_cmpsf2.o)
                0x000000000001539c                __gesf2
                0x000000000001539c                __gtsf2
                0x00000000000153a4                __ltsf2
                0x00000000000153a4                __lesf2
                0x00000000000153ac                __nesf2
                0x00000000000153ac                __eqsf2
                0x00000000000153ac                __cmpsf2
                0x000000000001540c                __aeabi_cfrcmple
                0x0000000000015414                __aeabi_cfcmpeq
                0x0000000000015414                __aeabi_cfcmple
                0x0000000000015424                __aeabi_fcmpeq
                0x0000000000015438                __aeabi_fcmplt
                0x000000000001544c                __aeabi_fcmple
                0x0000000000015460                __aeabi_fcmpge
                0x0000000000015474                __aeabi_fcmpgt
 .text          0x0000000000015488       0x4c /Applications/FEH_ARM/bin/../lib/gcc/arm-none-eabi/10.3.1/thumb/v7e-m/nofp/libgcc.a(_arm_fixsfsi.o)
                0x0000000000015488                __fixsfsi
                0x0000000000015488                __aeabi_f2iz
 .text          0x00000000000154d4       0x40 /Applications/FEH_ARM/bin/../lib/gcc/arm-none-eabi/10.3.1/thumb/v7e-m/nofp/libgcc.a(_arm_fixunssfsi.o)
                0x00000000000154d4                __aeabi_f2uiz
                0x00000000000154d4                __fixunssfsi
 .text.abort    0x0000000000015514       0x10 /Applications/FEH_ARM/bin/../lib/gcc/arm-none-eabi/10.3.1/../../../../arm-none-eabi/lib/thumb/v7e-m/nofp/libg.a(lib_a-abort.o)
                0x0000000000015514                abort
 .text.__sfvwrite_r
                0x0000000000015524      0x2e8 /Applications/FEH_ARM/bin/../lib/gcc/arm-none-eabi/10.3.1/../../../../arm-none-eabi/lib/thumb/v7e-m/nofp/libg.a(lib_a-fvwrite.o)
                0x0000000000015524                __sfvwrite_r
 .text.__libc_init_array
                0x000000000001580c       0x48 /Applications/FEH_ARM/bin/../lib/gcc/arm-none-eabi/10.3.1/../../../../arm-none-eabi/lib/thumb/v7e-m/nofp/libg.a(lib_a-init.o)
                0x000000000001580c                __libc_init_array
 .text.__retarget_lock_init_recursive
                0x0000000000015854        0x4 /Applications/FEH_ARM/bin/../lib/gcc/arm-none-eabi/10.3.1/../../../../arm-none-eabi/lib/thumb/v7e-m/nofp/libg.a(lib_a-lock.o)
                0x0000000000015854                __retarget_lock_init_recursive
 .text.__retarget_lock_close_recursive
                0x0000000000015858        0x4 /Applications/FEH_ARM/bin/../lib/gcc/arm-none-eabi/10.3.1/../../../../arm-none-eabi/lib/thumb/v7e-m/nofp/libg.a(lib_a-lock.o)
                0x0000000000015858                __retarget_lock_close_recursive
 .text.__retarget_lock_acquire_recursive
                0x000000000001585c        0x4 /Applications/FEH_ARM/bin/../lib/gcc/arm-none-eabi/10.3.1/../../../../arm-none-eabi/lib/thumb/v7e-m/nofp/libg.a(lib_a-lock.o)
                0x000000000001585c                __retarget_lock_acquire_recursive
 .text.__retarget_lock_release_recursive
                0x0000000000015860        0x4 /Applications/FEH_ARM/bin/../lib/gcc/arm-none-eabi/10.3.1/../../../../arm-none-eabi/lib/thumb/v7e-m/nofp/libg.a(lib_a-lock.o)
                0x0000000000015860                __retarget_lock_release_recursive
 .text.malloc   0x0000000000015864       0x10 /Applications/FEH_ARM/bin/../lib/gcc/arm-none-eabi/10.3.1/../../../../arm-none-eabi/lib/thumb/v7e-m/nofp/libg.a(lib_a-malloc.o)
                0x0000000000015864                malloc
 .text._malloc_r
                0x0000000000015874      0x560 /Applications/FEH_ARM/bin/../lib/gcc/arm-none-eabi/10.3.1/../../../../arm-none-eabi/lib/thumb/v7e-m/nofp/libg.a(lib_a-mallocr.o)
                0x0000000000015874                _malloc_r
 *fill*         0x0000000000015dd4        0xc 
 .text          0x0000000000015de0       0xa0 /Applications/FEH_ARM/bin/../lib/gcc/arm-none-eabi/10.3.1/../../../../arm-none-eabi/lib/thumb/v7e-m/nofp/libg.a(lib_a-memchr.o)
                0x0000000000015de0                memchr
 .text          0x0000000000015e80      0x134 /Applications/FEH_ARM/bin/../lib/gcc/arm-none-eabi/10.3.1/../../../../arm-none-eabi/lib/thumb/v7e-m/nofp/libg.a(lib_a-memcpy.o)
                0x0000000000015e80                memcpy
 .text.memmove  0x0000000000015fb4       0xf8 /Applications/FEH_ARM/bin/../lib/gcc/arm-none-eabi/10.3.1/../../../../arm-none-eabi/lib/thumb/v7e-m/nofp/libg.a(lib_a-memmove.o)
                0x0000000000015fb4                memmove
 .text.memset   0x00000000000160ac       0xa4 /Applications/FEH_ARM/bin/../lib/gcc/arm-none-eabi/10.3.1/../../../../arm-none-eabi/lib/thumb/v7e-m/nofp/libg.a(lib_a-memset.o)
                0x00000000000160ac                memset
 .text.__malloc_lock
                0x0000000000016150        0xc /Applications/FEH_ARM/bin/../lib/gcc/arm-none-eabi/10.3.1/../../../../arm-none-eabi/lib/thumb/v7e-m/nofp/libg.a(lib_a-mlock.o)
                0x0000000000016150                __malloc_lock
 .text.__malloc_unlock
                0x000000000001615c        0xc /Applications/FEH_ARM/bin/../lib/gcc/arm-none-eabi/10.3.1/../../../../arm-none-eabi/lib/thumb/v7e-m/nofp/libg.a(lib_a-mlock.o)
                0x000000000001615c                __malloc_unlock
 .text._realloc_r
                0x0000000000016168      0x3d8 /Applications/FEH_ARM/bin/../lib/gcc/arm-none-eabi/10.3.1/../../../../arm-none-eabi/lib/thumb/v7e-m/nofp/libg.a(lib_a-reallocr.o)
                0x0000000000016168                _realloc_r
 .text._sbrk_r  0x0000000000016540       0x24 /Applications/FEH_ARM/bin/../lib/gcc/arm-none-eabi/10.3.1/../../../../arm-none-eabi/lib/thumb/v7e-m/nofp/libg.a(lib_a-sbrkr.o)
                0x0000000000016540                _sbrk_r
 .text.raise    0x0000000000016564       0x5c /Applications/FEH_ARM/bin/../lib/gcc/arm-none-eabi/10.3.1/../../../../arm-none-eabi/lib/thumb/v7e-m/nofp/libg.a(lib_a-signal.o)
                0x0000000000016564                raise
 .text._kill_r  0x00000000000165c0       0x2c /Applications/FEH_ARM/bin/../lib/gcc/arm-none-eabi/10.3.1/../../../../arm-none-eabi/lib/thumb/v7e-m/nofp/libg.a(lib_a-signalr.o)
                0x00000000000165c0                _kill_r
 .text._getpid_r
                0x00000000000165ec        0x4 /Applications/FEH_ARM/bin/../lib/gcc/arm-none-eabi/10.3.1/../../../../arm-none-eabi/lib/thumb/v7e-m/nofp/libg.a(lib_a-signalr.o)
                0x00000000000165ec                _getpid_r
 .text.sprintf  0x00000000000165f0       0x40 /Applications/FEH_ARM/bin/../lib/gcc/arm-none-eabi/10.3.1/../../../../arm-none-eabi/lib/thumb/v7e-m/nofp/libg.a(lib_a-sprintf.o)
                0x00000000000165f0                sprintf
 .text.strcpy   0x0000000000016630       0xbc /Applications/FEH_ARM/bin/../lib/gcc/arm-none-eabi/10.3.1/../../../../arm-none-eabi/lib/thumb/v7e-m/nofp/libg.a(lib_a-strcpy.o)
                0x0000000000016630                strcpy
 *fill*         0x00000000000166ec       0x14 
 .text          0x0000000000016700       0xdc /Applications/FEH_ARM/bin/../lib/gcc/arm-none-eabi/10.3.1/../../../../arm-none-eabi/lib/thumb/v7e-m/nofp/libg.a(lib_a-strlen.o)
                0x0000000000016700                strlen
 .text._svfprintf_r
                0x00000000000167dc     0x1a3c /Applications/FEH_ARM/bin/../lib/gcc/arm-none-eabi/10.3.1/../../../../arm-none-eabi/lib/thumb/v7e-m/nofp/libg.a(lib_a-svfprintf.o)
                0x00000000000167dc                _svfprintf_r
 .text.__swbuf_r
                0x0000000000018218       0xb0 /Applications/FEH_ARM/bin/../lib/gcc/arm-none-eabi/10.3.1/../../../../arm-none-eabi/lib/thumb/v7e-m/nofp/libg.a(lib_a-wbuf.o)
                0x0000000000018218                __swbuf_r
 .text._write_r
                0x00000000000182c8       0x2c /Applications/FEH_ARM/bin/../lib/gcc/arm-none-eabi/10.3.1/../../../../arm-none-eabi/lib/thumb/v7e-m/nofp/libg.a(lib_a-writer.o)
                0x00000000000182c8                _write_r
 .text.__swsetup_r
                0x00000000000182f4       0xd4 /Applications/FEH_ARM/bin/../lib/gcc/arm-none-eabi/10.3.1/../../../../arm-none-eabi/lib/thumb/v7e-m/nofp/libg.a(lib_a-wsetup.o)
                0x00000000000182f4                __swsetup_r
 .text.startup.register_fini
                0x00000000000183c8       0x14 /Applications/FEH_ARM/bin/../lib/gcc/arm-none-eabi/10.3.1/../../../../arm-none-eabi/lib/thumb/v7e-m/nofp/libg.a(lib_a-__call_atexit.o)
 .text.atexit   0x00000000000183dc        0xc /Applications/FEH_ARM/bin/../lib/gcc/arm-none-eabi/10.3.1/../../../../arm-none-eabi/lib/thumb/v7e-m/nofp/libg.a(lib_a-atexit.o)
                0x00000000000183dc                atexit
 .text.quorem   0x00000000000183e8      0x124 /Applications/FEH_ARM/bin/../lib/gcc/arm-none-eabi/10.3.1/../../../../arm-none-eabi/lib/thumb/v7e-m/nofp/libg.a(lib_a-dtoa.o)
 *fill*         0x000000000001850c        0x4 
 .text._dtoa_r  0x0000000000018510      0xec4 /Applications/FEH_ARM/bin/../lib/gcc/arm-none-eabi/10.3.1/../../../../arm-none-eabi/lib/thumb/v7e-m/nofp/libg.a(lib_a-dtoa.o)
                0x0000000000018510                _dtoa_r
 .text.__sflush_r
                0x00000000000193d4      0x120 /Applications/FEH_ARM/bin/../lib/gcc/arm-none-eabi/10.3.1/../../../../arm-none-eabi/lib/thumb/v7e-m/nofp/libg.a(lib_a-fflush.o)
                0x00000000000193d4                __sflush_r
 .text._fflush_r
                0x00000000000194f4       0x5c /Applications/FEH_ARM/bin/../lib/gcc/arm-none-eabi/10.3.1/../../../../arm-none-eabi/lib/thumb/v7e-m/nofp/libg.a(lib_a-fflush.o)
                0x00000000000194f4                _fflush_r
 .text._cleanup_r
                0x0000000000019550        0xc /Applications/FEH_ARM/bin/../lib/gcc/arm-none-eabi/10.3.1/../../../../arm-none-eabi/lib/thumb/v7e-m/nofp/libg.a(lib_a-findfp.o)
                0x0000000000019550                _cleanup_r
 .text.__sinit  0x000000000001955c      0x10c /Applications/FEH_ARM/bin/../lib/gcc/arm-none-eabi/10.3.1/../../../../arm-none-eabi/lib/thumb/v7e-m/nofp/libg.a(lib_a-findfp.o)
                0x000000000001955c                __sinit
 .text.__sfp_lock_acquire
                0x0000000000019668        0xc /Applications/FEH_ARM/bin/../lib/gcc/arm-none-eabi/10.3.1/../../../../arm-none-eabi/lib/thumb/v7e-m/nofp/libg.a(lib_a-findfp.o)
                0x0000000000019668                __sfp_lock_acquire
 .text.__sfp_lock_release
                0x0000000000019674        0xc /Applications/FEH_ARM/bin/../lib/gcc/arm-none-eabi/10.3.1/../../../../arm-none-eabi/lib/thumb/v7e-m/nofp/libg.a(lib_a-findfp.o)
                0x0000000000019674                __sfp_lock_release
 .text.__libc_fini_array
                0x0000000000019680       0x2c /Applications/FEH_ARM/bin/../lib/gcc/arm-none-eabi/10.3.1/../../../../arm-none-eabi/lib/thumb/v7e-m/nofp/libg.a(lib_a-fini.o)
                0x0000000000019680                __libc_fini_array
 .text._malloc_trim_r
                0x00000000000196ac       0xa0 /Applications/FEH_ARM/bin/../lib/gcc/arm-none-eabi/10.3.1/../../../../arm-none-eabi/lib/thumb/v7e-m/nofp/libg.a(lib_a-freer.o)
                0x00000000000196ac                _malloc_trim_r
 .text._free_r  0x000000000001974c      0x20c /Applications/FEH_ARM/bin/../lib/gcc/arm-none-eabi/10.3.1/../../../../arm-none-eabi/lib/thumb/v7e-m/nofp/libg.a(lib_a-freer.o)
                0x000000000001974c                _free_r
 .text._fwalk_reent
                0x0000000000019958       0x48 /Applications/FEH_ARM/bin/../lib/gcc/arm-none-eabi/10.3.1/../../../../arm-none-eabi/lib/thumb/v7e-m/nofp/libg.a(lib_a-fwalk.o)
                0x0000000000019958                _fwalk_reent
 .text._localeconv_r
                0x00000000000199a0        0x8 /Applications/FEH_ARM/bin/../lib/gcc/arm-none-eabi/10.3.1/../../../../arm-none-eabi/lib/thumb/v7e-m/nofp/libg.a(lib_a-localeconv.o)
                0x00000000000199a0                _localeconv_r
 .text.__smakebuf_r
                0x00000000000199a8       0xe0 /Applications/FEH_ARM/bin/../lib/gcc/arm-none-eabi/10.3.1/../../../../arm-none-eabi/lib/thumb/v7e-m/nofp/libg.a(lib_a-makebuf.o)
                0x00000000000199a8                __smakebuf_r
 .text._Balloc  0x0000000000019a88       0x4c /Applications/FEH_ARM/bin/../lib/gcc/arm-none-eabi/10.3.1/../../../../arm-none-eabi/lib/thumb/v7e-m/nofp/libg.a(lib_a-mprec.o)
                0x0000000000019a88                _Balloc
 .text._Bfree   0x0000000000019ad4       0x14 /Applications/FEH_ARM/bin/../lib/gcc/arm-none-eabi/10.3.1/../../../../arm-none-eabi/lib/thumb/v7e-m/nofp/libg.a(lib_a-mprec.o)
                0x0000000000019ad4                _Bfree
 .text.__multadd
                0x0000000000019ae8       0xa0 /Applications/FEH_ARM/bin/../lib/gcc/arm-none-eabi/10.3.1/../../../../arm-none-eabi/lib/thumb/v7e-m/nofp/libg.a(lib_a-mprec.o)
                0x0000000000019ae8                __multadd
 .text.__hi0bits
                0x0000000000019b88       0x40 /Applications/FEH_ARM/bin/../lib/gcc/arm-none-eabi/10.3.1/../../../../arm-none-eabi/lib/thumb/v7e-m/nofp/libg.a(lib_a-mprec.o)
                0x0000000000019b88                __hi0bits
 .text.__lo0bits
                0x0000000000019bc8       0x5c /Applications/FEH_ARM/bin/../lib/gcc/arm-none-eabi/10.3.1/../../../../arm-none-eabi/lib/thumb/v7e-m/nofp/libg.a(lib_a-mprec.o)
                0x0000000000019bc8                __lo0bits
 .text.__i2b    0x0000000000019c24       0x5c /Applications/FEH_ARM/bin/../lib/gcc/arm-none-eabi/10.3.1/../../../../arm-none-eabi/lib/thumb/v7e-m/nofp/libg.a(lib_a-mprec.o)
                0x0000000000019c24                __i2b
 .text.__multiply
                0x0000000000019c80      0x15c /Applications/FEH_ARM/bin/../lib/gcc/arm-none-eabi/10.3.1/../../../../arm-none-eabi/lib/thumb/v7e-m/nofp/libg.a(lib_a-mprec.o)
                0x0000000000019c80                __multiply
 .text.__pow5mult
                0x0000000000019ddc       0xc0 /Applications/FEH_ARM/bin/../lib/gcc/arm-none-eabi/10.3.1/../../../../arm-none-eabi/lib/thumb/v7e-m/nofp/libg.a(lib_a-mprec.o)
                0x0000000000019ddc                __pow5mult
 .text.__lshift
                0x0000000000019e9c       0xf0 /Applications/FEH_ARM/bin/../lib/gcc/arm-none-eabi/10.3.1/../../../../arm-none-eabi/lib/thumb/v7e-m/nofp/libg.a(lib_a-mprec.o)
                0x0000000000019e9c                __lshift
 .text.__mcmp   0x0000000000019f8c       0x40 /Applications/FEH_ARM/bin/../lib/gcc/arm-none-eabi/10.3.1/../../../../arm-none-eabi/lib/thumb/v7e-m/nofp/libg.a(lib_a-mprec.o)
                0x0000000000019f8c                __mcmp
 .text.__mdiff  0x0000000000019fcc      0x14c /Applications/FEH_ARM/bin/../lib/gcc/arm-none-eabi/10.3.1/../../../../arm-none-eabi/lib/thumb/v7e-m/nofp/libg.a(lib_a-mprec.o)
                0x0000000000019fcc                __mdiff
 .text.__d2b    0x000000000001a118       0xc4 /Applications/FEH_ARM/bin/../lib/gcc/arm-none-eabi/10.3.1/../../../../arm-none-eabi/lib/thumb/v7e-m/nofp/libg.a(lib_a-mprec.o)
                0x000000000001a118                __d2b
 .text.frexp    0x000000000001a1dc       0x70 /Applications/FEH_ARM/bin/../lib/gcc/arm-none-eabi/10.3.1/../../../../arm-none-eabi/lib/thumb/v7e-m/nofp/libg.a(lib_a-s_frexp.o)
                0x000000000001a1dc                frexp
 .text.__sread  0x000000000001a24c       0x24 /Applications/FEH_ARM/bin/../lib/gcc/arm-none-eabi/10.3.1/../../../../arm-none-eabi/lib/thumb/v7e-m/nofp/libg.a(lib_a-stdio.o)
                0x000000000001a24c                __sread
 .text.__swrite
                0x000000000001a270       0x40 /Applications/FEH_ARM/bin/../lib/gcc/arm-none-eabi/10.3.1/../../../../arm-none-eabi/lib/thumb/v7e-m/nofp/libg.a(lib_a-stdio.o)
                0x000000000001a270                __swrite
 .text.__sseek  0x000000000001a2b0       0x20 /Applications/FEH_ARM/bin/../lib/gcc/arm-none-eabi/10.3.1/../../../../arm-none-eabi/lib/thumb/v7e-m/nofp/libg.a(lib_a-stdio.o)
                0x000000000001a2b0                __sseek
 .text.__sclose
                0x000000000001a2d0        0x8 /Applications/FEH_ARM/bin/../lib/gcc/arm-none-eabi/10.3.1/../../../../arm-none-eabi/lib/thumb/v7e-m/nofp/libg.a(lib_a-stdio.o)
                0x000000000001a2d0                __sclose
 .text.strncpy  0x000000000001a2d8       0x64 /Applications/FEH_ARM/bin/../lib/gcc/arm-none-eabi/10.3.1/../../../../arm-none-eabi/lib/thumb/v7e-m/nofp/libg.a(lib_a-strncpy.o)
                0x000000000001a2d8                strncpy
 .text.__ssprint_r
                0x000000000001a33c       0xf8 /Applications/FEH_ARM/bin/../lib/gcc/arm-none-eabi/10.3.1/../../../../arm-none-eabi/lib/thumb/v7e-m/nofp/libg.a(lib_a-svfiprintf.o)
                0x000000000001a33c                __ssprint_r
 .text.__register_exitproc
                0x000000000001a434       0x8c /Applications/FEH_ARM/bin/../lib/gcc/arm-none-eabi/10.3.1/../../../../arm-none-eabi/lib/thumb/v7e-m/nofp/libg.a(lib_a-__atexit.o)
                0x000000000001a434                __register_exitproc
 .text.__assert_func
                0x000000000001a4c0       0x40 /Applications/FEH_ARM/bin/../lib/gcc/arm-none-eabi/10.3.1/../../../../arm-none-eabi/lib/thumb/v7e-m/nofp/libg.a(lib_a-assert.o)
                0x000000000001a4c0                __assert_func
 .text._calloc_r
                0x000000000001a500       0x78 /Applications/FEH_ARM/bin/../lib/gcc/arm-none-eabi/10.3.1/../../../../arm-none-eabi/lib/thumb/v7e-m/nofp/libg.a(lib_a-callocr.o)
                0x000000000001a500                _calloc_r
 .text._close_r
                0x000000000001a578       0x24 /Applications/FEH_ARM/bin/../lib/gcc/arm-none-eabi/10.3.1/../../../../arm-none-eabi/lib/thumb/v7e-m/nofp/libg.a(lib_a-closer.o)
                0x000000000001a578                _close_r
 .text.__errno  0x000000000001a59c        0xc /Applications/FEH_ARM/bin/../lib/gcc/arm-none-eabi/10.3.1/../../../../arm-none-eabi/lib/thumb/v7e-m/nofp/libg.a(lib_a-errno.o)
                0x000000000001a59c                __errno
 .text._fclose_r
                0x000000000001a5a8       0xcc /Applications/FEH_ARM/bin/../lib/gcc/arm-none-eabi/10.3.1/../../../../arm-none-eabi/lib/thumb/v7e-m/nofp/libg.a(lib_a-fclose.o)
                0x000000000001a5a8                _fclose_r
 .text.fiprintf
                0x000000000001a674       0x28 /Applications/FEH_ARM/bin/../lib/gcc/arm-none-eabi/10.3.1/../../../../arm-none-eabi/lib/thumb/v7e-m/nofp/libg.a(lib_a-fiprintf.o)
                0x000000000001a674                fiprintf
 .text._fstat_r
                0x000000000001a69c       0x2c /Applications/FEH_ARM/bin/../lib/gcc/arm-none-eabi/10.3.1/../../../../arm-none-eabi/lib/thumb/v7e-m/nofp/libg.a(lib_a-fstatr.o)
                0x000000000001a69c                _fstat_r
 .text._isatty_r
                0x000000000001a6c8       0x24 /Applications/FEH_ARM/bin/../lib/gcc/arm-none-eabi/10.3.1/../../../../arm-none-eabi/lib/thumb/v7e-m/nofp/libg.a(lib_a-isattyr.o)
                0x000000000001a6c8                _isatty_r
 .text.__locale_mb_cur_max
                0x000000000001a6ec        0xc /Applications/FEH_ARM/bin/../lib/gcc/arm-none-eabi/10.3.1/../../../../arm-none-eabi/lib/thumb/v7e-m/nofp/libg.a(lib_a-locale.o)
                0x000000000001a6ec                __locale_mb_cur_max
 .text._lseek_r
                0x000000000001a6f8       0x2c /Applications/FEH_ARM/bin/../lib/gcc/arm-none-eabi/10.3.1/../../../../arm-none-eabi/lib/thumb/v7e-m/nofp/libg.a(lib_a-lseekr.o)
                0x000000000001a6f8                _lseek_r
 .text.__ascii_mbtowc
                0x000000000001a724       0x2c /Applications/FEH_ARM/bin/../lib/gcc/arm-none-eabi/10.3.1/../../../../arm-none-eabi/lib/thumb/v7e-m/nofp/libg.a(lib_a-mbtowc_r.o)
                0x000000000001a724                __ascii_mbtowc
 .text._read_r  0x000000000001a750       0x2c /Applications/FEH_ARM/bin/../lib/gcc/arm-none-eabi/10.3.1/../../../../arm-none-eabi/lib/thumb/v7e-m/nofp/libg.a(lib_a-readr.o)
                0x000000000001a750                _read_r
 .text.__sprint_r.part.0
                0x000000000001a77c       0x78 /Applications/FEH_ARM/bin/../lib/gcc/arm-none-eabi/10.3.1/../../../../arm-none-eabi/lib/thumb/v7e-m/nofp/libg.a(lib_a-vfiprintf.o)
 .text._vfiprintf_r
                0x000000000001a7f4      0xda0 /Applications/FEH_ARM/bin/../lib/gcc/arm-none-eabi/10.3.1/../../../../arm-none-eabi/lib/thumb/v7e-m/nofp/libg.a(lib_a-vfiprintf.o)
                0x000000000001a7f4                _vfiprintf_r
 .text.__sbprintf
                0x000000000001b594       0x80 /Applications/FEH_ARM/bin/../lib/gcc/arm-none-eabi/10.3.1/../../../../arm-none-eabi/lib/thumb/v7e-m/nofp/libg.a(lib_a-vfiprintf.o)
 .text.__ascii_wctomb
                0x000000000001b614       0x1c /Applications/FEH_ARM/bin/../lib/gcc/arm-none-eabi/10.3.1/../../../../arm-none-eabi/lib/thumb/v7e-m/nofp/libg.a(lib_a-wctomb_r.o)
                0x000000000001b614                __ascii_wctomb
 .text.__fputwc
                0x000000000001b630       0xa8 /Applications/FEH_ARM/bin/../lib/gcc/arm-none-eabi/10.3.1/../../../../arm-none-eabi/lib/thumb/v7e-m/nofp/libg.a(lib_a-fputwc.o)
                0x000000000001b630                __fputwc
 .text._fputwc_r
                0x000000000001b6d8       0x68 /Applications/FEH_ARM/bin/../lib/gcc/arm-none-eabi/10.3.1/../../../../arm-none-eabi/lib/thumb/v7e-m/nofp/libg.a(lib_a-fputwc.o)
                0x000000000001b6d8                _fputwc_r
 .text._wcrtomb_r
                0x000000000001b740       0x3c /Applications/FEH_ARM/bin/../lib/gcc/arm-none-eabi/10.3.1/../../../../arm-none-eabi/lib/thumb/v7e-m/nofp/libg.a(lib_a-wcrtomb.o)
                0x000000000001b740                _wcrtomb_r
 .text          0x000000000001b77c       0x2c /Applications/FEH_ARM/bin/../lib/gcc/arm-none-eabi/10.3.1/thumb/v7e-m/nofp/libgcc.a(_arm_unorddf2.o)
                0x000000000001b77c                __aeabi_dcmpun
                0x000000000001b77c                __unorddf2
 .text          0x000000000001b7a8       0x30 /Applications/FEH_ARM/bin/../lib/gcc/arm-none-eabi/10.3.1/thumb/v7e-m/nofp/libgcc.a(_aeabi_uldivmod.o)
                0x000000000001b7a8                __aeabi_uldivmod
 .text          0x000000000001b7d8      0x2d0 /Applications/FEH_ARM/bin/../lib/gcc/arm-none-eabi/10.3.1/thumb/v7e-m/nofp/libgcc.a(_udivmoddi4.o)
                0x000000000001b7d8                __udivmoddi4
 .text          0x000000000001baa8        0x4 /Applications/FEH_ARM/bin/../lib/gcc/arm-none-eabi/10.3.1/thumb/v7e-m/nofp/libgcc.a(_dvmd_tls.o)
                0x000000000001baa8                __aeabi_ldiv0
                0x000000000001baa8                __aeabi_idiv0
 .text._close   0x000000000001baac       0x10 /Applications/FEH_ARM/bin/../lib/gcc/arm-none-eabi/10.3.1/../../../../arm-none-eabi/lib/thumb/v7e-m/nofp/libnosys.a(close.o)
                0x000000000001baac                _close
 .text._fstat   0x000000000001babc       0x10 /Applications/FEH_ARM/bin/../lib/gcc/arm-none-eabi/10.3.1/../../../../arm-none-eabi/lib/thumb/v7e-m/nofp/libnosys.a(fstat.o)
                0x000000000001babc                _fstat
 .text._getpid  0x000000000001bacc       0x10 /Applications/FEH_ARM/bin/../lib/gcc/arm-none-eabi/10.3.1/../../../../arm-none-eabi/lib/thumb/v7e-m/nofp/libnosys.a(getpid.o)
                0x000000000001bacc                _getpid
 .text._isatty  0x000000000001badc       0x10 /Applications/FEH_ARM/bin/../lib/gcc/arm-none-eabi/10.3.1/../../../../arm-none-eabi/lib/thumb/v7e-m/nofp/libnosys.a(isatty.o)
                0x000000000001badc                _isatty
 .text._kill    0x000000000001baec       0x10 /Applications/FEH_ARM/bin/../lib/gcc/arm-none-eabi/10.3.1/../../../../arm-none-eabi/lib/thumb/v7e-m/nofp/libnosys.a(kill.o)
                0x000000000001baec                _kill
 .text._lseek   0x000000000001bafc       0x10 /Applications/FEH_ARM/bin/../lib/gcc/arm-none-eabi/10.3.1/../../../../arm-none-eabi/lib/thumb/v7e-m/nofp/libnosys.a(lseek.o)
                0x000000000001bafc                _lseek
 .text._read    0x000000000001bb0c       0x10 /Applications/FEH_ARM/bin/../lib/gcc/arm-none-eabi/10.3.1/../../../../arm-none-eabi/lib/thumb/v7e-m/nofp/libnosys.a(read.o)
                0x000000000001bb0c                _read
 .text._sbrk    0x000000000001bb1c       0x1c /Applications/FEH_ARM/bin/../lib/gcc/arm-none-eabi/10.3.1/../../../../arm-none-eabi/lib/thumb/v7e-m/nofp/libnosys.a(sbrk.o)
                0x000000000001bb1c                _sbrk
 .text._write   0x000000000001bb38       0x10 /Applications/FEH_ARM/bin/../lib/gcc/arm-none-eabi/10.3.1/../../../../arm-none-eabi/lib/thumb/v7e-m/nofp/libnosys.a(write.o)
                0x000000000001bb38                _write
 .text._exit    0x000000000001bb48        0x4 /Applications/FEH_ARM/bin/../lib/gcc/arm-none-eabi/10.3.1/../../../../arm-none-eabi/lib/thumb/v7e-m/nofp/libnosys.a(_exit.o)
                0x000000000001bb48                _exit
 *(.rodata .rodata.* .constdata .constdata.*)
 .rodata        0x000000000001bb4c       0x70 ../main.o
 .rodata.K60_SDHC0_init
                0x000000000001bbbc        0xc Drivers/SDHC.o
                0x000000000001bbbc                K60_SDHC0_init
 .rodata._ZL21ESDHC_COMMAND_XFERTYP
                0x000000000001bbc8      0x100 Drivers/SDHC.o
 .rodata._ZL9GPIOPorts
                0x000000000001bcc8       0x20 Libraries/FEHIO.o
 .rodata._ZL10ADCNumbers
                0x000000000001bce8       0x21 Libraries/FEHIO.o
 *fill*         0x000000000001bd09        0x3 
 .rodata._ZL14GPIOPinNumbers
                0x000000000001bd0c       0x80 Libraries/FEHIO.o
 .rodata._ZL16AnalogPinNumbers
                0x000000000001bd8c       0x84 Libraries/FEHIO.o
 .rodata        0x000000000001be10       0x78 Libraries/FEHIO.o
 .rodata        0x000000000001be88       0x32 Libraries/FEHLCD.o
 *fill*         0x000000000001beba        0x2 
 .rodata        0x000000000001bebc      0x33c Libraries/FEHRPS.o
 .rodata._global_impure_ptr
                0x000000000001c1f8        0x4 /Applications/FEH_ARM/bin/../lib/gcc/arm-none-eabi/10.3.1/../../../../arm-none-eabi/lib/thumb/v7e-m/nofp/libg.a(lib_a-impure.o)
                0x000000000001c1f8                _global_impure_ptr
 .rodata._svfprintf_r.str1.4
                0x000000000001c1fc       0x42 /Applications/FEH_ARM/bin/../lib/gcc/arm-none-eabi/10.3.1/../../../../arm-none-eabi/lib/thumb/v7e-m/nofp/libg.a(lib_a-svfprintf.o)
 *fill*         0x000000000001c23e        0x2 
 .rodata.blanks.1
                0x000000000001c240       0x10 /Applications/FEH_ARM/bin/../lib/gcc/arm-none-eabi/10.3.1/../../../../arm-none-eabi/lib/thumb/v7e-m/nofp/libg.a(lib_a-svfprintf.o)
 .rodata.zeroes.0
                0x000000000001c250       0x10 /Applications/FEH_ARM/bin/../lib/gcc/arm-none-eabi/10.3.1/../../../../arm-none-eabi/lib/thumb/v7e-m/nofp/libg.a(lib_a-svfprintf.o)
 .rodata._dtoa_r.str1.4
                0x000000000001c260       0x7e /Applications/FEH_ARM/bin/../lib/gcc/arm-none-eabi/10.3.1/../../../../arm-none-eabi/lib/thumb/v7e-m/nofp/libg.a(lib_a-dtoa.o)
                                         0x82 (size before relaxing)
 *fill*         0x000000000001c2de        0x2 
 .rodata.__multadd.str1.4
                0x000000000001c2e0       0x5b /Applications/FEH_ARM/bin/../lib/gcc/arm-none-eabi/10.3.1/../../../../arm-none-eabi/lib/thumb/v7e-m/nofp/libg.a(lib_a-mprec.o)
                                         0x6f (size before relaxing)
 *fill*         0x000000000001c33b        0x5 
 .rodata.__mprec_bigtens
                0x000000000001c340       0x28 /Applications/FEH_ARM/bin/../lib/gcc/arm-none-eabi/10.3.1/../../../../arm-none-eabi/lib/thumb/v7e-m/nofp/libg.a(lib_a-mprec.o)
                0x000000000001c340                __mprec_bigtens
 .rodata.__mprec_tens
                0x000000000001c368       0xc8 /Applications/FEH_ARM/bin/../lib/gcc/arm-none-eabi/10.3.1/../../../../arm-none-eabi/lib/thumb/v7e-m/nofp/libg.a(lib_a-mprec.o)
                0x000000000001c368                __mprec_tens
 .rodata.p05.0  0x000000000001c430        0xc /Applications/FEH_ARM/bin/../lib/gcc/arm-none-eabi/10.3.1/../../../../arm-none-eabi/lib/thumb/v7e-m/nofp/libg.a(lib_a-mprec.o)
 .rodata.__assert_func.str1.4
                0x000000000001c43c       0x3f /Applications/FEH_ARM/bin/../lib/gcc/arm-none-eabi/10.3.1/../../../../arm-none-eabi/lib/thumb/v7e-m/nofp/libg.a(lib_a-assert.o)
                                         0x43 (size before relaxing)
 *fill*         0x000000000001c47b        0x1 
 .rodata._ctype_
                0x000000000001c47c      0x101 /Applications/FEH_ARM/bin/../lib/gcc/arm-none-eabi/10.3.1/../../../../arm-none-eabi/lib/thumb/v7e-m/nofp/libg.a(lib_a-ctype_.o)
                0x000000000001c47c                _ctype_
 *fill*         0x000000000001c57d        0x3 
 .rodata._setlocale_r.str1.4
                0x000000000001c580        0xa /Applications/FEH_ARM/bin/../lib/gcc/arm-none-eabi/10.3.1/../../../../arm-none-eabi/lib/thumb/v7e-m/nofp/libg.a(lib_a-locale.o)
                                          0xd (size before relaxing)
 *fill*         0x000000000001c58a        0x2 
 .rodata.str1.4